{
    "CALL_SV_TIDDIT": {
        "content": [
            "VcfFile [chromosomes=[MT, 21], sampleCount=3, variantCount=178, phased=false, phasedAutodetect=false]"
        ],
        "timestamp": "2026-03-03T22:37:56.960203544",
        "meta": {
            "nf-test": "0.9.4",
            "nextflow": "25.10.4"
        }
    }
}