{
    "CALL_SNV - deepvariant wgs": {
        "content": [
            [
                [
                    "call_snv/genome/",
                    [
                        {
                            "id": "justhusky"
                        },
                        "justhusky_snv.vcf.gz:md5,b78d7a388ac51028ca8b15474b9efce6"
                    ]
                ],
                [
                    "call_snv/genome/",
                    [
                        {
                            "id": "justhusky"
                        },
                        "justhusky_snv.vcf.gz.tbi:md5,81c8e362552865ccdd12941db07bdf6e"
                    ]
                ],
                [
                    "call_snv/mitochondria/",
                    [
                        {
                            "id": "justhusky"
                        },
                        "justhusky_mitochondria.vcf.gz:md5,5b31cdd1aaca1b52aa06ec49b0d3207f"
                    ]
                ],
                [
                    "call_snv/mitochondria/",
                    [
                        {
                            "id": "justhusky"
                        },
                        "justhusky_mitochondria.vcf.gz.tbi:md5,057840edb22fe608c7635911a914e9f0"
                    ]
                ]
            ],
            "dfc0eeae02f4c1f04034e0fff555bf50",
            "VcfFile [chromosomes=[21], sampleCount=1, variantCount=7562, phased=false, phasedAutodetect=false]",
            [
                "justhusky_snv.vcf.gz.tbi"
            ],
            [
                "justhusky_mitochondria.vcf.gz"
            ]
        ],
        "timestamp": "2026-03-13T09:33:27.081509863",
        "meta": {
            "nf-test": "0.9.4",
            "nextflow": "25.10.4"
        }
    },
    "CALL_SNV - deepvariant wgs, stub": {
        "content": [
            {
                "0": [
                    [
                        {
                            "id": "earlycasualcaiman",
                            "sample": "earlycasualcaiman",
                            "single_end": false,
                            "num_lanes": 1,
                            "read_group": "'@RG\\tID:earlycasualcaiman\\tPL:illumina\\tSM:earlycasualcaiman'",
                            "lane": 1,
                            "sex": 1,
                            "phenotype": 1,
                            "paternal": 0,
                            "maternal": 0,
                            "case_id": "justhusky"
                        },
                        "earlycasualcaiman_deepvar.g.vcf.gz.tbi:md5,1f7f65ca1a1b41bec29194966ca37228"
                    ]
                ],
                "1": [
                    [
                        {
                            "id": "earlycasualcaiman",
                            "sample": "earlycasualcaiman",
                            "single_end": false,
                            "num_lanes": 1,
                            "read_group": "'@RG\\tID:earlycasualcaiman\\tPL:illumina\\tSM:earlycasualcaiman'",
                            "lane": 1,
                            "sex": 1,
                            "phenotype": 1,
                            "paternal": 0,
                            "maternal": 0,
                            "case_id": "justhusky"
                        },
                        "earlycasualcaiman_deepvar.g.vcf.gz:md5,f50b84b1db4b83ba62ec1deacc69c260"
                    ]
                ],
                "2": [
                    [
                        {
                            "id": "justhusky"
                        },
                        "justhusky_snv.vcf.gz.tbi:md5,d41d8cd98f00b204e9800998ecf8427e"
                    ]
                ],
                "3": [
                    [
                        {
                            "id": "justhusky"
                        },
                        "justhusky_snv.vcf.gz:md5,68b329da9893e34099c7d8ad5cb9c940"
                    ]
                ],
                "4": [
                    [
                        {
                            "id": "justhusky"
                        },
                        "justhusky_snv.vcf.gz:md5,68b329da9893e34099c7d8ad5cb9c940",
                        "justhusky_snv.vcf.gz.tbi:md5,d41d8cd98f00b204e9800998ecf8427e"
                    ]
                ],
                "5": [
                    [
                        {
                            "id": "justhusky"
                        },
                        "justhusky_mitochondria.vcf.gz.tbi:md5,d41d8cd98f00b204e9800998ecf8427e"
                    ]
                ],
                "6": [
                    [
                        {
                            "id": "justhusky"
                        },
                        "justhusky_mitochondria.vcf.gz:md5,68b329da9893e34099c7d8ad5cb9c940"
                    ]
                ],
                "7": [
                    [
                        "call_snv/genome/",
                        [
                            {
                                "id": "justhusky"
                            },
                            "justhusky_snv.vcf.gz.tbi:md5,d41d8cd98f00b204e9800998ecf8427e"
                        ]
                    ],
                    [
                        "call_snv/genome/",
                        [
                            {
                                "id": "justhusky"
                            },
                            "justhusky_snv.vcf.gz:md5,68b329da9893e34099c7d8ad5cb9c940"
                        ]
                    ],
                    [
                        "call_snv/mitochondria/",
                        [
                            {
                                "id": "justhusky"
                            },
                            "justhusky_mitochondria.vcf.gz:md5,68b329da9893e34099c7d8ad5cb9c940"
                        ]
                    ],
                    [
                        "call_snv/mitochondria/",
                        [
                            {
                                "id": "justhusky"
                            },
                            "justhusky_mitochondria.vcf.gz.tbi:md5,d41d8cd98f00b204e9800998ecf8427e"
                        ]
                    ]
                ],
                "genome_gtabix": [
                    [
                        {
                            "id": "earlycasualcaiman",
                            "sample": "earlycasualcaiman",
                            "single_end": false,
                            "num_lanes": 1,
                            "read_group": "'@RG\\tID:earlycasualcaiman\\tPL:illumina\\tSM:earlycasualcaiman'",
                            "lane": 1,
                            "sex": 1,
                            "phenotype": 1,
                            "paternal": 0,
                            "maternal": 0,
                            "case_id": "justhusky"
                        },
                        "earlycasualcaiman_deepvar.g.vcf.gz.tbi:md5,1f7f65ca1a1b41bec29194966ca37228"
                    ]
                ],
                "genome_gvcf": [
                    [
                        {
                            "id": "earlycasualcaiman",
                            "sample": "earlycasualcaiman",
                            "single_end": false,
                            "num_lanes": 1,
                            "read_group": "'@RG\\tID:earlycasualcaiman\\tPL:illumina\\tSM:earlycasualcaiman'",
                            "lane": 1,
                            "sex": 1,
                            "phenotype": 1,
                            "paternal": 0,
                            "maternal": 0,
                            "case_id": "justhusky"
                        },
                        "earlycasualcaiman_deepvar.g.vcf.gz:md5,f50b84b1db4b83ba62ec1deacc69c260"
                    ]
                ],
                "genome_tabix": [
                    [
                        {
                            "id": "justhusky"
                        },
                        "justhusky_snv.vcf.gz.tbi:md5,d41d8cd98f00b204e9800998ecf8427e"
                    ]
                ],
                "genome_vcf": [
                    [
                        {
                            "id": "justhusky"
                        },
                        "justhusky_snv.vcf.gz:md5,68b329da9893e34099c7d8ad5cb9c940"
                    ]
                ],
                "genome_vcf_tabix": [
                    [
                        {
                            "id": "justhusky"
                        },
                        "justhusky_snv.vcf.gz:md5,68b329da9893e34099c7d8ad5cb9c940",
                        "justhusky_snv.vcf.gz.tbi:md5,d41d8cd98f00b204e9800998ecf8427e"
                    ]
                ],
                "mt_tabix": [
                    [
                        {
                            "id": "justhusky"
                        },
                        "justhusky_mitochondria.vcf.gz.tbi:md5,d41d8cd98f00b204e9800998ecf8427e"
                    ]
                ],
                "mt_vcf": [
                    [
                        {
                            "id": "justhusky"
                        },
                        "justhusky_mitochondria.vcf.gz:md5,68b329da9893e34099c7d8ad5cb9c940"
                    ]
                ],
                "publish": [
                    [
                        "call_snv/genome/",
                        [
                            {
                                "id": "justhusky"
                            },
                            "justhusky_snv.vcf.gz.tbi:md5,d41d8cd98f00b204e9800998ecf8427e"
                        ]
                    ],
                    [
                        "call_snv/genome/",
                        [
                            {
                                "id": "justhusky"
                            },
                            "justhusky_snv.vcf.gz:md5,68b329da9893e34099c7d8ad5cb9c940"
                        ]
                    ],
                    [
                        "call_snv/mitochondria/",
                        [
                            {
                                "id": "justhusky"
                            },
                            "justhusky_mitochondria.vcf.gz:md5,68b329da9893e34099c7d8ad5cb9c940"
                        ]
                    ],
                    [
                        "call_snv/mitochondria/",
                        [
                            {
                                "id": "justhusky"
                            },
                            "justhusky_mitochondria.vcf.gz.tbi:md5,d41d8cd98f00b204e9800998ecf8427e"
                        ]
                    ]
                ]
            }
        ],
        "timestamp": "2026-03-13T09:34:33.930010907",
        "meta": {
            "nf-test": "0.9.4",
            "nextflow": "25.10.4"
        }
    }
}