{
    "CALL_SNV - deepvariant wgs": {
        "content": [
            "60de6f6d19bd2a63d88b1fca6519a5ee",
            [
                "test_deepvar.visual_report.html",
                "test2_deepvar.visual_report.html"
            ],
            [
                "justhusky.vcf.gz.tbi"
            ]
        ],
        "timestamp": "2026-08-24T21:11:32.667491205",
        "meta": {
            "nf-test": "0.9.5",
            "nextflow": "26.04.6"
        }
    },
    "CALL_SNV - deepvariant wgs, stub": {
        "content": [
            {
                "0": [
                    
                ],
                "1": [
                    [
                        {
                            "id": "test",
                            "sample": "test",
                            "single_end": false,
                            "num_lanes": 1,
                            "read_group": "'@RG\\tID:test\\tPL:illumina\\tSM:test'",
                            "lane": 1,
                            "sex": 2,
                            "phenotype": 1,
                            "paternal": 0,
                            "maternal": 0,
                            "case_id": "justhusky"
                        },
                        "test_deepvar.g.vcf.gz.tbi:md5,1f7f65ca1a1b41bec29194966ca37228"
                    ],
                    [
                        {
                            "id": "test2",
                            "sample": "test2",
                            "single_end": false,
                            "num_lanes": 1,
                            "read_group": "'@RG\\tID:test2\\tPL:illumina\\tSM:test2'",
                            "lane": 1,
                            "sex": 2,
                            "phenotype": 1,
                            "paternal": 0,
                            "maternal": 0,
                            "case_id": "justhusky"
                        },
                        "test2_deepvar.g.vcf.gz.tbi:md5,1f7f65ca1a1b41bec29194966ca37228"
                    ]
                ],
                "2": [
                    [
                        {
                            "id": "test",
                            "sample": "test",
                            "single_end": false,
                            "num_lanes": 1,
                            "read_group": "'@RG\\tID:test\\tPL:illumina\\tSM:test'",
                            "lane": 1,
                            "sex": 2,
                            "phenotype": 1,
                            "paternal": 0,
                            "maternal": 0,
                            "case_id": "justhusky"
                        },
                        "test_deepvar.g.vcf.gz:md5,f50b84b1db4b83ba62ec1deacc69c260"
                    ],
                    [
                        {
                            "id": "test2",
                            "sample": "test2",
                            "single_end": false,
                            "num_lanes": 1,
                            "read_group": "'@RG\\tID:test2\\tPL:illumina\\tSM:test2'",
                            "lane": 1,
                            "sex": 2,
                            "phenotype": 1,
                            "paternal": 0,
                            "maternal": 0,
                            "case_id": "justhusky"
                        },
                        "test2_deepvar.g.vcf.gz:md5,f50b84b1db4b83ba62ec1deacc69c260"
                    ]
                ],
                "3": [
                    [
                        {
                            "id": "justhusky"
                        },
                        "justhusky.vcf.gz.tbi:md5,d41d8cd98f00b204e9800998ecf8427e"
                    ]
                ],
                "4": [
                    [
                        {
                            "id": "justhusky"
                        },
                        "justhusky.vcf.gz:md5,68b329da9893e34099c7d8ad5cb9c940"
                    ]
                ],
                "5": [
                    [
                        {
                            "id": "justhusky"
                        },
                        "justhusky.vcf.gz:md5,68b329da9893e34099c7d8ad5cb9c940",
                        "justhusky.vcf.gz.tbi:md5,d41d8cd98f00b204e9800998ecf8427e"
                    ]
                ],
                "deepvariant_report": [
                    
                ],
                "genome_gtabix": [
                    [
                        {
                            "id": "test",
                            "sample": "test",
                            "single_end": false,
                            "num_lanes": 1,
                            "read_group": "'@RG\\tID:test\\tPL:illumina\\tSM:test'",
                            "lane": 1,
                            "sex": 2,
                            "phenotype": 1,
                            "paternal": 0,
                            "maternal": 0,
                            "case_id": "justhusky"
                        },
                        "test_deepvar.g.vcf.gz.tbi:md5,1f7f65ca1a1b41bec29194966ca37228"
                    ],
                    [
                        {
                            "id": "test2",
                            "sample": "test2",
                            "single_end": false,
                            "num_lanes": 1,
                            "read_group": "'@RG\\tID:test2\\tPL:illumina\\tSM:test2'",
                            "lane": 1,
                            "sex": 2,
                            "phenotype": 1,
                            "paternal": 0,
                            "maternal": 0,
                            "case_id": "justhusky"
                        },
                        "test2_deepvar.g.vcf.gz.tbi:md5,1f7f65ca1a1b41bec29194966ca37228"
                    ]
                ],
                "genome_gvcf": [
                    [
                        {
                            "id": "test",
                            "sample": "test",
                            "single_end": false,
                            "num_lanes": 1,
                            "read_group": "'@RG\\tID:test\\tPL:illumina\\tSM:test'",
                            "lane": 1,
                            "sex": 2,
                            "phenotype": 1,
                            "paternal": 0,
                            "maternal": 0,
                            "case_id": "justhusky"
                        },
                        "test_deepvar.g.vcf.gz:md5,f50b84b1db4b83ba62ec1deacc69c260"
                    ],
                    [
                        {
                            "id": "test2",
                            "sample": "test2",
                            "single_end": false,
                            "num_lanes": 1,
                            "read_group": "'@RG\\tID:test2\\tPL:illumina\\tSM:test2'",
                            "lane": 1,
                            "sex": 2,
                            "phenotype": 1,
                            "paternal": 0,
                            "maternal": 0,
                            "case_id": "justhusky"
                        },
                        "test2_deepvar.g.vcf.gz:md5,f50b84b1db4b83ba62ec1deacc69c260"
                    ]
                ],
                "genome_tabix": [
                    [
                        {
                            "id": "justhusky"
                        },
                        "justhusky.vcf.gz.tbi:md5,d41d8cd98f00b204e9800998ecf8427e"
                    ]
                ],
                "genome_vcf": [
                    [
                        {
                            "id": "justhusky"
                        },
                        "justhusky.vcf.gz:md5,68b329da9893e34099c7d8ad5cb9c940"
                    ]
                ],
                "genome_vcf_tabix": [
                    [
                        {
                            "id": "justhusky"
                        },
                        "justhusky.vcf.gz:md5,68b329da9893e34099c7d8ad5cb9c940",
                        "justhusky.vcf.gz.tbi:md5,d41d8cd98f00b204e9800998ecf8427e"
                    ]
                ]
            }
        ],
        "timestamp": "2026-08-24T21:12:05.229778796",
        "meta": {
            "nf-test": "0.9.5",
            "nextflow": "26.04.6"
        }
    }
}