{
    "CONVERT_MT_BAM_TO_FASTQ - wgs, minimal dataset": {
        "content": [
            [
                [
                    {
                        "id": "ACC13778A2",
                        "sample": "ACC13778A2",
                        "single_end": false,
                        "num_lanes": 1,
                        "read_group": "'@RG\\tID:ACC13778A2\\tPL:illumina\\tSM:ACC13778A2'",
                        "lane": 1,
                        "sex": 2,
                        "phenotype": 1,
                        "paternal": 0,
                        "maternal": 0,
                        "case_id": "amusingmarmoset"
                    },
                    "bd3eee7449b10d69b68bf51b5a6ae181",
                    "ACC13778A2.bam.bai"
                ]
            ],
            [
                [
                    {
                        "id": "ACC13778A2",
                        "sample": "ACC13778A2",
                        "single_end": false,
                        "num_lanes": 1,
                        "read_group": "'@RG\\tID:ACC13778A2\\tPL:illumina\\tSM:ACC13778A2'",
                        "lane": 1,
                        "sex": 2,
                        "phenotype": 1,
                        "paternal": 0,
                        "maternal": 0,
                        "case_id": "amusingmarmoset"
                    },
                    [
                        "ACC13778A2_1.fastq.gz",
                        "ACC13778A2_2.fastq.gz"
                    ]
                ]
            ],
            [
                [
                    {
                        "id": "ACC13778A2",
                        "sample": "ACC13778A2",
                        "single_end": false,
                        "num_lanes": 1,
                        "read_group": "'@RG\\tID:ACC13778A2\\tPL:illumina\\tSM:ACC13778A2'",
                        "lane": 1,
                        "sex": 2,
                        "phenotype": 1,
                        "paternal": 0,
                        "maternal": 0,
                        "case_id": "amusingmarmoset"
                    },
                    "e3f82c08e8b823ca6977d2a5de27e35c"
                ]
            ]
        ],
        "timestamp": "2026-08-24T16:03:03.517708231",
        "meta": {
            "nf-test": "0.9.5",
            "nextflow": "26.04.6"
        }
    },
    "CONVERT_MT_BAM_TO_FASTQ - stub": {
        "content": [
            {
                "0": [
                    [
                        {
                            "id": "ACC13778A2",
                            "sample": "ACC13778A2",
                            "single_end": false,
                            "num_lanes": 1,
                            "read_group": "'@RG\\tID:ACC13778A2\\tPL:illumina\\tSM:ACC13778A2'",
                            "lane": 1,
                            "sex": 2,
                            "phenotype": 1,
                            "paternal": 0,
                            "maternal": 0,
                            "case_id": "amusingmarmoset"
                        },
                        "ACC13778A2.bam:md5,d41d8cd98f00b204e9800998ecf8427e",
                        "ACC13778A2.bam.bai:md5,d41d8cd98f00b204e9800998ecf8427e"
                    ]
                ],
                "1": [
                    [
                        {
                            "id": "ACC13778A2",
                            "sample": "ACC13778A2",
                            "single_end": false,
                            "num_lanes": 1,
                            "read_group": "'@RG\\tID:ACC13778A2\\tPL:illumina\\tSM:ACC13778A2'",
                            "lane": 1,
                            "sex": 2,
                            "phenotype": 1,
                            "paternal": 0,
                            "maternal": 0,
                            "case_id": "amusingmarmoset"
                        },
                        [
                            "ACC13778A2.fastq.gz:md5,68b329da9893e34099c7d8ad5cb9c940",
                            "ACC13778A2_1.fastq.gz:md5,68b329da9893e34099c7d8ad5cb9c940",
                            "ACC13778A2_2.fastq.gz:md5,68b329da9893e34099c7d8ad5cb9c940"
                        ]
                    ]
                ],
                "2": [
                    [
                        {
                            "id": "ACC13778A2",
                            "sample": "ACC13778A2",
                            "single_end": false,
                            "num_lanes": 1,
                            "read_group": "'@RG\\tID:ACC13778A2\\tPL:illumina\\tSM:ACC13778A2'",
                            "lane": 1,
                            "sex": 2,
                            "phenotype": 1,
                            "paternal": 0,
                            "maternal": 0,
                            "case_id": "amusingmarmoset"
                        },
                        "ACC13778A2.reverted.bam:md5,d41d8cd98f00b204e9800998ecf8427e"
                    ]
                ],
                "bam_bai": [
                    [
                        {
                            "id": "ACC13778A2",
                            "sample": "ACC13778A2",
                            "single_end": false,
                            "num_lanes": 1,
                            "read_group": "'@RG\\tID:ACC13778A2\\tPL:illumina\\tSM:ACC13778A2'",
                            "lane": 1,
                            "sex": 2,
                            "phenotype": 1,
                            "paternal": 0,
                            "maternal": 0,
                            "case_id": "amusingmarmoset"
                        },
                        "ACC13778A2.bam:md5,d41d8cd98f00b204e9800998ecf8427e",
                        "ACC13778A2.bam.bai:md5,d41d8cd98f00b204e9800998ecf8427e"
                    ]
                ],
                "fastq": [
                    [
                        {
                            "id": "ACC13778A2",
                            "sample": "ACC13778A2",
                            "single_end": false,
                            "num_lanes": 1,
                            "read_group": "'@RG\\tID:ACC13778A2\\tPL:illumina\\tSM:ACC13778A2'",
                            "lane": 1,
                            "sex": 2,
                            "phenotype": 1,
                            "paternal": 0,
                            "maternal": 0,
                            "case_id": "amusingmarmoset"
                        },
                        [
                            "ACC13778A2.fastq.gz:md5,68b329da9893e34099c7d8ad5cb9c940",
                            "ACC13778A2_1.fastq.gz:md5,68b329da9893e34099c7d8ad5cb9c940",
                            "ACC13778A2_2.fastq.gz:md5,68b329da9893e34099c7d8ad5cb9c940"
                        ]
                    ]
                ],
                "ubam": [
                    [
                        {
                            "id": "ACC13778A2",
                            "sample": "ACC13778A2",
                            "single_end": false,
                            "num_lanes": 1,
                            "read_group": "'@RG\\tID:ACC13778A2\\tPL:illumina\\tSM:ACC13778A2'",
                            "lane": 1,
                            "sex": 2,
                            "phenotype": 1,
                            "paternal": 0,
                            "maternal": 0,
                            "case_id": "amusingmarmoset"
                        },
                        "ACC13778A2.reverted.bam:md5,d41d8cd98f00b204e9800998ecf8427e"
                    ]
                ]
            }
        ],
        "timestamp": "2026-08-27T15:15:35.022687708",
        "meta": {
            "nf-test": "0.9.5",
            "nextflow": "26.04.6"
        }
    }
}