{
    "GENS - female sample, stub": {
        "content": [
            [
                [
                    {
                        "id": "ACC13778A2",
                        "sample": "ACC13778A2",
                        "sex": 2,
                        "phenotype": 1,
                        "paternal": 0,
                        "maternal": 0,
                        "case_id": "amusingmarmoset"
                    },
                    "ACC13778A2_gens.baf.bed.gz:md5,68b329da9893e34099c7d8ad5cb9c940"
                ]
            ],
            [
                [
                    {
                        "id": "ACC13778A2",
                        "sample": "ACC13778A2",
                        "sex": 2,
                        "phenotype": 1,
                        "paternal": 0,
                        "maternal": 0,
                        "case_id": "amusingmarmoset"
                    },
                    "ACC13778A2_gens.baf.bed.gz.tbi:md5,d41d8cd98f00b204e9800998ecf8427e"
                ]
            ],
            [
                [
                    {
                        "id": "ACC13778A2",
                        "sample": "ACC13778A2",
                        "sex": 2,
                        "phenotype": 1,
                        "paternal": 0,
                        "maternal": 0,
                        "case_id": "amusingmarmoset"
                    },
                    "ACC13778A2_gens.cov.bed.gz:md5,68b329da9893e34099c7d8ad5cb9c940"
                ]
            ],
            [
                [
                    {
                        "id": "ACC13778A2",
                        "sample": "ACC13778A2",
                        "sex": 2,
                        "phenotype": 1,
                        "paternal": 0,
                        "maternal": 0,
                        "case_id": "amusingmarmoset"
                    },
                    "ACC13778A2_gens.cov.bed.gz.tbi:md5,d41d8cd98f00b204e9800998ecf8427e"
                ]
            ]
        ],
        "timestamp": "2026-08-27T23:33:11.316902494",
        "meta": {
            "nf-test": "0.9.5",
            "nextflow": "26.04.6"
        }
    },
    "GENS - male sample, stub": {
        "content": [
            [
                [
                    {
                        "id": "ACC13778A1",
                        "sample": "ACC13778A1",
                        "sex": 1,
                        "phenotype": 1,
                        "paternal": 0,
                        "maternal": 0,
                        "case_id": "amusingmarmoset"
                    },
                    "ACC13778A1_gens.baf.bed.gz:md5,68b329da9893e34099c7d8ad5cb9c940"
                ]
            ],
            [
                [
                    {
                        "id": "ACC13778A1",
                        "sample": "ACC13778A1",
                        "sex": 1,
                        "phenotype": 1,
                        "paternal": 0,
                        "maternal": 0,
                        "case_id": "amusingmarmoset"
                    },
                    "ACC13778A1_gens.baf.bed.gz.tbi:md5,d41d8cd98f00b204e9800998ecf8427e"
                ]
            ],
            [
                [
                    {
                        "id": "ACC13778A1",
                        "sample": "ACC13778A1",
                        "sex": 1,
                        "phenotype": 1,
                        "paternal": 0,
                        "maternal": 0,
                        "case_id": "amusingmarmoset"
                    },
                    "ACC13778A1_gens.cov.bed.gz:md5,68b329da9893e34099c7d8ad5cb9c940"
                ]
            ],
            [
                [
                    {
                        "id": "ACC13778A1",
                        "sample": "ACC13778A1",
                        "sex": 1,
                        "phenotype": 1,
                        "paternal": 0,
                        "maternal": 0,
                        "case_id": "amusingmarmoset"
                    },
                    "ACC13778A1_gens.cov.bed.gz.tbi:md5,d41d8cd98f00b204e9800998ecf8427e"
                ]
            ]
        ],
        "timestamp": "2026-08-27T23:32:43.726903271",
        "meta": {
            "nf-test": "0.9.5",
            "nextflow": "26.04.6"
        }
    }
}