{
    "-profile test_singleton": {
        "content": [
            37,
            {
                "ADD_VARCALLER_TO_BED": {
                    "tabix": 1.12
                },
                "BEDTOOLS_PAD_TARGET_BED": {
                    "bedtools": "2.31.1"
                },
                "BWAMEM2_INDEX_GENOME": {
                    "bwamem2": "2.2.1"
                },
                "BWAMEM2_INDEX_MT": {
                    "bwamem2": "2.2.1"
                },
                "BWAMEM2_MEM": {
                    "bwamem2": "2.2.1",
                    "samtools": "1.19.2"
                },
                "BWA_INDEX_GENOME": {
                    "bwa": "0.7.18-r1243-dirty"
                },
                "CREATE_PEDIGREE_FILE": {
                    "create_pedigree_file": "v1.0",
                    "python": "3.8.3"
                },
                "FASTQC": {
                    "fastqc": "0.12.1"
                },
                "GATK_SD": {
                    "gatk4": "4.5.0.0"
                },
                "GATK_SD_MT": {
                    "gatk4": "4.5.0.0"
                },
                "GET_CHROM_SIZES": {
                    "coreutils": 8.31
                },
                "MARKDUPLICATES": {
                    "picard": "3.3.0"
                },
                "SAMTOOLS_EXTRACT_MT": {
                    "samtools": 1.21
                },
                "SAMTOOLS_FAIDX_MT": {
                    "samtools": 1.21
                },
                "SAMTOOLS_INDEX_ALIGN": {
                    "samtools": 1.21
                },
                "SAMTOOLS_INDEX_MARKDUP": {
                    "samtools": 1.21
                },
                "SAMTOOLS_STATS": {
                    "samtools": 1.21
                },
                "TABIX_BGZIPINDEX_PADDED_BED": {
                    "tabix": 1.2
                },
                "TABIX_DBSNP": {
                    "tabix": 1.21
                },
                "TABIX_GNOMAD_AF": {
                    "tabix": 1.21
                },
                "TABIX_PBT": {
                    "tabix": 1.2
                },
                "UNTAR_VEP_CACHE": {
                    "untar": 1.34
                },
                "Workflow": {
                    "nf-core/raredisease": "v2.7.0dev"
                }
            },
            [
                "alignment",
                "alignment/hugelymodelbat_sorted_md.MarkDuplicates.metrics.txt",
                "alignment/hugelymodelbat_sorted_md.bam",
                "alignment/hugelymodelbat_sorted_md.bam.bai",
                "fastqc",
                "fastqc/hugelymodelbat_LNUMBER1",
                "fastqc/hugelymodelbat_LNUMBER1/hugelymodelbat_LNUMBER1.html",
                "fastqc/hugelymodelbat_LNUMBER1/hugelymodelbat_LNUMBER1.zip",
                "pedigree",
                "pedigree/justhusky.ped",
                "pipeline_info",
                "pipeline_info/nf_core_raredisease_software_mqc_versions.yml",
                "qc_bam",
                "qc_bam/hugelymodelbat_tidditcov.bed",
                "qc_bam/hugelymodelbat_tidditcov.wig"
            ]
        ],
        "meta": {
            "nf-test": "0.9.3",
            "nextflow": "25.10.0"
        },
        "timestamp": "2025-12-03T09:31:28.426779437"
    }
}