{
    "-profile test_bam": {
        "content": [
            0,
            {
                "Workflow": {
                    "nf-core/raredisease": "v2.7.0dev"
                }
            },
            [
                "pipeline_info",
                "pipeline_info/nf_core_raredisease_software_mqc_versions.yml"
            ]
        ],
        "meta": {
            "nf-test": "0.9.3",
            "nextflow": "25.10.0"
        },
        "timestamp": "2025-12-03T09:05:32.542055259"
    }
}