{
    "-profile test_singleton": {
        "content": [
            356,
            {
                "ADD_VARCALLER_TO_BED": {
                    "bgzip": 1.21,
                    "tabix": 1.21
                },
                "BCFTOOLS_ANNOTATE": {
                    "bcftools": 1.22
                },
                "BCFTOOLS_CONCAT": {
                    "bcftools": 1.22
                },
                "BCFTOOLS_CONCAT_ME": {
                    "bcftools": 1.22
                },
                "BCFTOOLS_REHEADER_EXP": {
                    "bcftools": 1.22
                },
                "BCFTOOLS_REHEADER_ME": {
                    "bcftools": 1.22
                },
                "BCFTOOLS_ROH": {
                    "bcftools": 1.22
                },
                "BCFTOOLS_SORT": {
                    "bcftools": 1.22
                },
                "BCFTOOLS_SORT_ME": {
                    "bcftools": 1.22
                },
                "BCFTOOLS_VIEW": {
                    "bcftools": 1.22
                },
                "BCFTOOLS_VIEW_CNVNATOR": {
                    "bcftools": 1.22
                },
                "BCFTOOLS_VIEW_FILTER": {
                    "bcftools": 1.22
                },
                "BCFTOOLS_VIEW_MANTA": {
                    "bcftools": 1.22
                },
                "BCFTOOLS_VIEW_RHOCALL": {
                    "bcftools": 1.22
                },
                "BCFTOOLS_VIEW_TIDDIT": {
                    "bcftools": 1.22
                },
                "BCFTOOLS_VIEW_UNCOMPRESS": {
                    "bcftools": 1.22
                },
                "BEDTOOLS_PAD_TARGET_BED": {
                    "bedtools": "2.31.1"
                },
                "BWAMEM2_INDEX_GENOME": {
                    "bwamem2": "2.2.1"
                },
                "BWAMEM2_INDEX_MT": {
                    "bwamem2": "2.2.1"
                },
                "BWAMEM2_INDEX_MT_SHIFT": {
                    "bwamem2": "2.2.1"
                },
                "BWAMEM2_MEM": {
                    "bwamem2": "2.2.1",
                    "samtools": "1.22.1"
                },
                "BWAMEM2_MEM_MT": {
                    "bwamem2": "2.2.1",
                    "samtools": "1.22.1"
                },
                "BWA_INDEX_GENOME": {
                    "bwa": "0.7.19-r1273"
                },
                "CAT_CAT_BAIT": {
                    "pigz": 2.8
                },
                "CAT_FASTQ": {
                    "cat": 9.5
                },
                "CHROMOGRAPH_AUTOZYG": {
                    "chromograph": "1.3.1"
                },
                "CHROMOGRAPH_COV": {
                    "chromograph": "1.3.1"
                },
                "CNVNATOR_CALL": {
                    "cnvnator": "0.4.1"
                },
                "CNVNATOR_CONVERT2VCF": {
                    "cnvnator": "0.4.1"
                },
                "CNVNATOR_HIST": {
                    "cnvnator": "0.4.1"
                },
                "CNVNATOR_PARTITION": {
                    "cnvnator": "0.4.1"
                },
                "CNVNATOR_RD": {
                    "cnvnator": "0.4.1"
                },
                "CNVNATOR_STAT": {
                    "cnvnator": "0.4.1"
                },
                "CREATE_HGNCIDS_FILE": {
                    "create_hgncids_file": 1.0,
                    "python": "3.14.3"
                },
                "CREATE_PEDIGREE_FILE": {
                    "coreutils": 9.5
                },
                "CUSTOM_ADDMOSTSEVERECONSEQUENCE": {
                    "addmostsevereconsequence": "1.2.0",
                    "bgzip": 1.21
                },
                "CUSTOM_ADDMOSTSEVEREPLI": {
                    "addmostseverepli": "1.2.0",
                    "bgzip": 1.21
                },
                "DEEPVARIANT": {
                    "deepvariant": "1.9.0"
                },
                "ENSEMBLVEP_FILTERVEP": {
                    "ensemblvep": 115.2,
                    "perl-math-cdf": 0.1
                },
                "ENSEMBLVEP_ME": {
                    "ensemblvep": 110.1,
                    "perl-math-cdf": 0.1,
                    "tabix": 1.21
                },
                "ENSEMBLVEP_MT": {
                    "ensemblvep": 110.1,
                    "perl-math-cdf": 0.1,
                    "tabix": 1.21
                },
                "ENSEMBLVEP_SNV": {
                    "ensemblvep": 110.1,
                    "perl-math-cdf": 0.1,
                    "tabix": 1.21
                },
                "ENSEMBLVEP_SV": {
                    "ensemblvep": 110.1,
                    "perl-math-cdf": 0.1,
                    "tabix": 1.21
                },
                "EXPANSIONHUNTER": {
                    "bgzip": "1.22.1",
                    "expansionhunter": "5.0.0"
                },
                "FASTP": {
                    "fastp": "1.0.1"
                },
                "FASTQC": {
                    "fastqc": "0.12.1"
                },
                "FIND_CONCATENATE": {
                    "coreutils": 9.4,
                    "find": "4.6.0",
                    "pigz": 2.8
                },
                "GATK4_FILTERMUTECTCALLS_MT": {
                    "gatk4": "4.6.2.0"
                },
                "GATK4_MERGEBAMALIGNMENT_MT": {
                    "gatk4": "4.6.2.0"
                },
                "GATK4_MERGEVCFS_LIFT_UNLIFT_MT": {
                    "gatk4": "4.6.2.0"
                },
                "GATK4_MUTECT2_MT": {
                    "gatk4": "4.6.2.0"
                },
                "GATK4_PRINTREADS_MT": {
                    "gatk4": "4.6.2.0"
                },
                "GATK4_REVERTSAM_MT": {
                    "gatk4": "4.6.2.0"
                },
                "GATK4_SAMTOFASTQ_MT": {
                    "gatk4": "4.6.2.0"
                },
                "GATK4_SELECTVARIANTS": {
                    "gatk4": "4.6.2.0"
                },
                "GATK4_SPLITINTERVALS": {
                    "gatk4": "4.6.2.0"
                },
                "GATK4_VARIANTFILTRATION_MT": {
                    "gatk4": "4.6.2.0"
                },
                "GATK_BILT": {
                    "gatk4": "4.6.2.0"
                },
                "GATK_ILT": {
                    "gatk4": "4.6.2.0"
                },
                "GATK_SD": {
                    "gatk4": "4.6.2.0"
                },
                "GATK_SD_MT": {
                    "gatk4": "4.6.2.0"
                },
                "GATK_SHIFTFASTA": {
                    "gatk4": "4.6.2.0"
                },
                "GAWK": {
                    "gawk": "5.3.1"
                },
                "GENMOD_ANNOTATE": {
                    "genmod": "3.10.2"
                },
                "GENMOD_COMPOUND": {
                    "genmod": "3.10.2"
                },
                "GENMOD_MODELS": {
                    "genmod": "3.10.2"
                },
                "GENMOD_SCORE": {
                    "genmod": "3.10.2"
                },
                "GENOME_FAI_TO_BED": {
                    "gawk": "5.3.1"
                },
                "GET_CHROM_SIZES": {
                    "coreutils": 9.5
                },
                "GLNEXUS": {
                    "glnexus": "1.4.1"
                },
                "HISAT2_INDEX_GENOME": {
                    "hisat2": "2.2.1"
                },
                "INDEX_CNVNATOR": {
                    "bgzip": 1.21,
                    "tabix": 1.21
                },
                "INDEX_TIDDIT": {
                    "bgzip": 1.21,
                    "tabix": 1.21
                },
                "LAST_INDEX_MT": {
                    "last": 1611
                },
                "MANTA": {
                    "manta": "1.6.0"
                },
                "MARKDUPLICATES": {
                    "picard": "3.4.0"
                },
                "ME_SPLIT_ALIGNMENT": {
                    "samtools": "1.22.1"
                },
                "MITOSALT": {
                    "mitosalt": "1.1.1"
                },
                "MOSDEPTH": {
                    "mosdepth": "0.3.11"
                },
                "MT_DELETION": {
                    "mitodel": 1.0,
                    "samtools": 1.23
                },
                "NGSBITS_SAMPLEGENDER": {
                    "ngsbits": 202512
                },
                "PEDDY": {
                    "peddy": "0.4.8"
                },
                "PICARD_ADDORREPLACEREADGROUPS_MT": {
                    "picard": "3.4.0"
                },
                "PICARD_COLLECTHSMETRICS": {
                    "picard": "3.4.0"
                },
                "PICARD_COLLECTMULTIPLEMETRICS": {
                    "picard": "3.4.0"
                },
                "PICARD_COLLECTWGSMETRICS_WG": {
                    "picard": "3.4.0"
                },
                "PICARD_COLLECTWGSMETRICS_Y": {
                    "picard": "3.4.0"
                },
                "PICARD_LIFTOVERVCF": {
                    "picard": "3.4.0"
                },
                "PICARD_MARKDUPLICATES_MT": {
                    "picard": "3.4.0"
                },
                "PICARD_SORTVCF": {
                    "picard": "3.4.0"
                },
                "REMOVE_DUPLICATES_GL": {
                    "bcftools": 1.22
                },
                "REMOVE_DUPLICATES_MT": {
                    "bcftools": 1.22
                },
                "RENAMESAMPLE_EXP": {
                    "picard": "3.4.0"
                },
                "RENAME_BAI": {
                    "coreutils": 9.5
                },
                "RENAME_BAM": {
                    "coreutils": 9.5
                },
                "RETROSEQ_CALL": {
                    "retroseq": 1.5
                },
                "RETROSEQ_DISCOVER": {
                    "retroseq": 1.5
                },
                "RHOCALL_ANNOTATE": {
                    "rhocall": "0.5.1"
                },
                "RHOCALL_VIZ": {
                    "rhocall": "0.5.1"
                },
                "SALTSHAKER_CALL": {
                    "saltshaker": "1.0.0"
                },
                "SALTSHAKER_CLASSIFY": {
                    "saltshaker": "1.0.1"
                },
                "SALTSHAKER_PLOT": {
                    "saltshaker": "1.0.0"
                },
                "SAMTOOLS_COLLATE": {
                    "samtools": "1.22.1"
                },
                "SAMTOOLS_EXTRACT_MT": {
                    "samtools": "1.22.1"
                },
                "SAMTOOLS_FAIDX_MT": {
                    "samtools": "1.22.1"
                },
                "SAMTOOLS_INDEX_ALIGN": {
                    "samtools": "1.22.1"
                },
                "SAMTOOLS_INDEX_MARKDUP": {
                    "samtools": "1.22.1"
                },
                "SAMTOOLS_INDEX_MT": {
                    "samtools": "1.22.1"
                },
                "SAMTOOLS_SORT": {
                    "samtools": "1.22.1"
                },
                "SAMTOOLS_SORT_MT": {
                    "samtools": "1.22.1"
                },
                "SAMTOOLS_STATS": {
                    "samtools": "1.22.1"
                },
                "SAMTOOLS_VIEW": {
                    "samtools": "1.22.1"
                },
                "SAM_TO_BAM": {
                    "samtools": "1.22.1"
                },
                "SEQTK_SAMPLE": {
                    "seqtk": "1.4-r122"
                },
                "SMNCOPYNUMBERCALLER": {
                    "smncopynumbercaller": "1.1.2"
                },
                "SPLIT_AND_FILTER_SV_VCF": {
                    "bcftools": 1.22
                },
                "SPLIT_CHR": {
                    "bioawk": 1.0
                },
                "SPLIT_MULTIALLELICS_EXP": {
                    "bcftools": 1.22
                },
                "SPLIT_MULTIALLELICS_GL": {
                    "bcftools": 1.22
                },
                "SPLIT_MULTIALLELICS_MT": {
                    "bcftools": 1.22
                },
                "STRANGER": {
                    "stranger": "0.10.0",
                    "tabix": 1.23
                },
                "SVDB_MERGE": {
                    "bcftools": 1.23,
                    "svdb": "2.8.4"
                },
                "SVDB_MERGE_CNVNATOR": {
                    "bcftools": 1.23,
                    "svdb": "2.8.4"
                },
                "SVDB_MERGE_ME": {
                    "bcftools": 1.23,
                    "svdb": "2.8.4"
                },
                "SVDB_MERGE_REPEATS": {
                    "bcftools": 1.23,
                    "svdb": "2.8.4"
                },
                "SVDB_MERGE_TIDDIT": {
                    "bcftools": 1.23,
                    "svdb": "2.8.4"
                },
                "SVDB_QUERY_DB": {
                    "svdb": "2.8.4"
                },
                "TABIX_ANNOTATE": {
                    "tabix": 1.21
                },
                "TABIX_BGZIPINDEX_PADDED_BED": {
                    "bgzip": 1.21,
                    "tabix": 1.21
                },
                "TABIX_BGZIPTABIX": {
                    "bgzip": 1.21,
                    "tabix": 1.21
                },
                "TABIX_DBSNP": {
                    "tabix": 1.21
                },
                "TABIX_EXP_RENAME": {
                    "tabix": 1.21
                },
                "TABIX_GNOMAD_AF": {
                    "tabix": 1.21
                },
                "TABIX_ME": {
                    "tabix": 1.21
                },
                "TABIX_ME_SPLIT": {
                    "tabix": 1.21
                },
                "TABIX_TABIX": {
                    "tabix": 1.21
                },
                "TABIX_TABIX_MERGE": {
                    "tabix": 1.21
                },
                "TABIX_TABIX_MT2": {
                    "tabix": 1.21
                },
                "TABIX_TABIX_MT": {
                    "tabix": 1.21
                },
                "TIDDIT_COV": {
                    "tiddit": "3.9.5"
                },
                "TIDDIT_COV_VCF2CYTOSURE": {
                    "tiddit": "3.9.5"
                },
                "TIDDIT_SV": {
                    "tiddit": "3.9.5"
                },
                "UCSC_WIGTOBIGWIG": {
                    "ucsc": 482
                },
                "UNTAR_VEP_CACHE": {
                    "untar": 1.34
                },
                "VCF2CYTOSURE": {
                    "vcf2cytosure": "0.9.3"
                },
                "VCFANNO": {
                    "vcfanno": "0.3.7"
                },
                "VCFANNO_MT": {
                    "vcfanno": "0.3.7"
                },
                "Workflow": {
                    "nf-core/raredisease": "v3.1.0dev"
                },
                "ZIP_TABIX_ROHCALL": {
                    "bgzip": 1.21,
                    "tabix": 1.21
                }
            },
            [
                "alignment",
                "alignment/hugelymodelbat_mt_subsample.bam",
                "alignment/hugelymodelbat_mt_subsample.bam.bai",
                "alignment/hugelymodelbat_sorted_md.bam",
                "alignment/hugelymodelbat_sorted_md.bam.bai",
                "alignment/hugelymodelbat_sorted_md.metrics.txt",
                "annotate_mobile_elements",
                "annotate_mobile_elements/justhusky_me_pli_clinical.vcf.gz",
                "annotate_mobile_elements/justhusky_me_pli_clinical.vcf.gz.tbi",
                "annotate_mobile_elements/justhusky_me_pli_research.vcf.gz",
                "annotate_mobile_elements/justhusky_me_pli_research.vcf.gz.tbi",
                "annotate_snv",
                "annotate_snv/genome",
                "annotate_snv/genome/hugelymodelbat_rhocallviz",
                "annotate_snv/genome/hugelymodelbat_rhocallviz.bed_chr1.png",
                "annotate_snv/genome/hugelymodelbat_rhocallviz.bed_chr10.png",
                "annotate_snv/genome/hugelymodelbat_rhocallviz.bed_chr11.png",
                "annotate_snv/genome/hugelymodelbat_rhocallviz.bed_chr12.png",
                "annotate_snv/genome/hugelymodelbat_rhocallviz.bed_chr13.png",
                "annotate_snv/genome/hugelymodelbat_rhocallviz.bed_chr14.png",
                "annotate_snv/genome/hugelymodelbat_rhocallviz.bed_chr15.png",
                "annotate_snv/genome/hugelymodelbat_rhocallviz.bed_chr16.png",
                "annotate_snv/genome/hugelymodelbat_rhocallviz.bed_chr17.png",
                "annotate_snv/genome/hugelymodelbat_rhocallviz.bed_chr18.png",
                "annotate_snv/genome/hugelymodelbat_rhocallviz.bed_chr19.png",
                "annotate_snv/genome/hugelymodelbat_rhocallviz.bed_chr2.png",
                "annotate_snv/genome/hugelymodelbat_rhocallviz.bed_chr20.png",
                "annotate_snv/genome/hugelymodelbat_rhocallviz.bed_chr21.png",
                "annotate_snv/genome/hugelymodelbat_rhocallviz.bed_chr22.png",
                "annotate_snv/genome/hugelymodelbat_rhocallviz.bed_chr3.png",
                "annotate_snv/genome/hugelymodelbat_rhocallviz.bed_chr4.png",
                "annotate_snv/genome/hugelymodelbat_rhocallviz.bed_chr5.png",
                "annotate_snv/genome/hugelymodelbat_rhocallviz.bed_chr6.png",
                "annotate_snv/genome/hugelymodelbat_rhocallviz.bed_chr7.png",
                "annotate_snv/genome/hugelymodelbat_rhocallviz.bed_chr8.png",
                "annotate_snv/genome/hugelymodelbat_rhocallviz.bed_chr9.png",
                "annotate_snv/genome/hugelymodelbat_rhocallviz.bed_chrM.png",
                "annotate_snv/genome/hugelymodelbat_rhocallviz.bed_chrX.png",
                "annotate_snv/genome/hugelymodelbat_rhocallviz.bed_chrY.png",
                "annotate_snv/genome/hugelymodelbat_rhocallviz/hugelymodelbat_rhocallviz.bed",
                "annotate_snv/genome/hugelymodelbat_rhocallviz/hugelymodelbat_rhocallviz.bw",
                "annotate_snv/genome/hugelymodelbat_rhocallviz/hugelymodelbat_rhocallviz.wig",
                "annotate_snv/genome/justhusky_rhocall_filter_vep.vcf.gz",
                "annotate_snv/genome/justhusky_rhocall_filter_vep.vcf.gz.tbi",
                "annotate_snv/mitochondria",
                "annotate_snv/mitochondria/justhusky_mitochondria_vcfanno_vep.vcf.gz",
                "annotate_snv/mitochondria/justhusky_mitochondria_vcfanno_vep.vcf.gz.tbi",
                "annotate_sv",
                "annotate_sv/justhusky_svdbquery_vep.vcf.gz",
                "annotate_sv/justhusky_svdbquery_vep.vcf.gz.tbi",
                "annotate_sv/justhusky_svdbquery_vep_summary.html",
                "call_mobile_elements",
                "call_mobile_elements/justhusky_mobile_elements.vcf.gz",
                "call_mobile_elements/justhusky_mobile_elements.vcf.gz.tbi",
                "call_snv",
                "call_snv/genome",
                "call_snv/genome/justhusky_snv.vcf.gz",
                "call_snv/genome/justhusky_snv.vcf.gz.tbi",
                "call_snv/mitochondria",
                "call_snv/mitochondria/justhusky_mitochondria.vcf.gz",
                "call_snv/mitochondria/justhusky_mitochondria.vcf.gz.tbi",
                "call_sv",
                "call_sv/hugelymodelbat.saltshaker.png",
                "call_sv/justhusky.saltshaker_classify.html",
                "fastqc",
                "fastqc/hugelymodelbat_LNUMBER1",
                "fastqc/hugelymodelbat_LNUMBER1/hugelymodelbat_LNUMBER1.html",
                "fastqc/hugelymodelbat_LNUMBER1/hugelymodelbat_LNUMBER1.zip",
                "multiqc",
                "multiqc/multiqc_data",
                "multiqc/multiqc_data/.stub",
                "multiqc/multiqc_plots",
                "multiqc/multiqc_plots/.stub",
                "multiqc/multiqc_report.html",
                "ngsbits_samplegender",
                "ngsbits_samplegender/hugelymodelbat_ngsbits_sex.tsv",
                "peddy",
                "peddy/justhusky.het_check.csv",
                "peddy/justhusky.het_check.png",
                "peddy/justhusky.html",
                "peddy/justhusky.ped_check.csv",
                "peddy/justhusky.ped_check.png",
                "peddy/justhusky.ped_check.rel-difference.csv",
                "peddy/justhusky.peddy.ped",
                "peddy/justhusky.sex_check.csv",
                "peddy/justhusky.sex_check.png",
                "peddy/justhusky.vs.html",
                "pedigree",
                "pedigree/justhusky.ped",
                "pipeline_info",
                "pipeline_info/nf_core_raredisease_software_mqc_versions.yml",
                "qc_bam",
                "qc_bam/hugelymodelbat_hsmetrics.CollectHsMetrics.coverage_metrics",
                "qc_bam/hugelymodelbat_mosdepth.global.dist.txt",
                "qc_bam/hugelymodelbat_mosdepth.per-base.bed.gz",
                "qc_bam/hugelymodelbat_mosdepth.per-base.bed.gz.csi",
                "qc_bam/hugelymodelbat_mosdepth.per-base.d4",
                "qc_bam/hugelymodelbat_mosdepth.quantized.bed.gz",
                "qc_bam/hugelymodelbat_mosdepth.quantized.bed.gz.csi",
                "qc_bam/hugelymodelbat_mosdepth.region.dist.txt",
                "qc_bam/hugelymodelbat_mosdepth.regions.bed.gz",
                "qc_bam/hugelymodelbat_mosdepth.regions.bed.gz.csi",
                "qc_bam/hugelymodelbat_mosdepth.summary.txt",
                "qc_bam/hugelymodelbat_mosdepth.thresholds.bed.gz",
                "qc_bam/hugelymodelbat_mosdepth.thresholds.bed.gz.csi",
                "qc_bam/hugelymodelbat_multiplemetrics.CollectMultipleMetrics.alignment_summary_metrics",
                "qc_bam/hugelymodelbat_multiplemetrics.CollectMultipleMetrics.base_distribution_by_cycle.pdf",
                "qc_bam/hugelymodelbat_multiplemetrics.CollectMultipleMetrics.base_distribution_by_cycle_metrics",
                "qc_bam/hugelymodelbat_multiplemetrics.CollectMultipleMetrics.insert_size_histogram.pdf",
                "qc_bam/hugelymodelbat_multiplemetrics.CollectMultipleMetrics.insert_size_metrics",
                "qc_bam/hugelymodelbat_multiplemetrics.CollectMultipleMetrics.quality_by_cycle.pdf",
                "qc_bam/hugelymodelbat_multiplemetrics.CollectMultipleMetrics.quality_by_cycle_metrics",
                "qc_bam/hugelymodelbat_multiplemetrics.CollectMultipleMetrics.quality_distribution.pdf",
                "qc_bam/hugelymodelbat_multiplemetrics.CollectMultipleMetrics.quality_distribution_metrics",
                "qc_bam/hugelymodelbat_multiplemetrics.CollectMultipleMetrics.read_length_histogram.pdf",
                "qc_bam/hugelymodelbat_tidditcov.bed",
                "qc_bam/hugelymodelbat_tidditcov.bw",
                "qc_bam/hugelymodelbat_tidditcov.wig",
                "qc_bam/hugelymodelbat_tidditcov.wig_chr1.png",
                "qc_bam/hugelymodelbat_tidditcov.wig_chr10.png",
                "qc_bam/hugelymodelbat_tidditcov.wig_chr11.png",
                "qc_bam/hugelymodelbat_tidditcov.wig_chr12.png",
                "qc_bam/hugelymodelbat_tidditcov.wig_chr13.png",
                "qc_bam/hugelymodelbat_tidditcov.wig_chr14.png",
                "qc_bam/hugelymodelbat_tidditcov.wig_chr15.png",
                "qc_bam/hugelymodelbat_tidditcov.wig_chr16.png",
                "qc_bam/hugelymodelbat_tidditcov.wig_chr17.png",
                "qc_bam/hugelymodelbat_tidditcov.wig_chr18.png",
                "qc_bam/hugelymodelbat_tidditcov.wig_chr19.png",
                "qc_bam/hugelymodelbat_tidditcov.wig_chr2.png",
                "qc_bam/hugelymodelbat_tidditcov.wig_chr20.png",
                "qc_bam/hugelymodelbat_tidditcov.wig_chr21.png",
                "qc_bam/hugelymodelbat_tidditcov.wig_chr22.png",
                "qc_bam/hugelymodelbat_tidditcov.wig_chr3.png",
                "qc_bam/hugelymodelbat_tidditcov.wig_chr4.png",
                "qc_bam/hugelymodelbat_tidditcov.wig_chr5.png",
                "qc_bam/hugelymodelbat_tidditcov.wig_chr6.png",
                "qc_bam/hugelymodelbat_tidditcov.wig_chr7.png",
                "qc_bam/hugelymodelbat_tidditcov.wig_chr8.png",
                "qc_bam/hugelymodelbat_tidditcov.wig_chr9.png",
                "qc_bam/hugelymodelbat_tidditcov.wig_chrM.png",
                "qc_bam/hugelymodelbat_tidditcov.wig_chrX.png",
                "qc_bam/hugelymodelbat_tidditcov.wig_chrY.png",
                "qc_bam/hugelymodelbat_wgsmetrics.CollectWgsMetrics.coverage_metrics",
                "qc_bam/hugelymodelbat_wgsmetrics_y.CollectWgsMetrics.coverage_metrics",
                "rank_and_filter",
                "rank_and_filter/justhusky_mt_ranked_clinical.vcf.gz",
                "rank_and_filter/justhusky_mt_ranked_clinical.vcf.gz.tbi",
                "rank_and_filter/justhusky_mt_ranked_research.vcf.gz",
                "rank_and_filter/justhusky_mt_ranked_research.vcf.gz.tbi",
                "rank_and_filter/justhusky_snv_ranked_clinical.vcf.gz",
                "rank_and_filter/justhusky_snv_ranked_clinical.vcf.gz.tbi",
                "rank_and_filter/justhusky_snv_ranked_research.vcf.gz",
                "rank_and_filter/justhusky_snv_ranked_research.vcf.gz.tbi",
                "rank_and_filter/justhusky_sv_ranked_clinical.vcf.gz",
                "rank_and_filter/justhusky_sv_ranked_clinical.vcf.gz.tbi",
                "rank_and_filter/justhusky_sv_ranked_research.vcf.gz",
                "rank_and_filter/justhusky_sv_ranked_research.vcf.gz.tbi",
                "repeat_expansions",
                "repeat_expansions/hugelymodelbat_exphunter_sorted.bam",
                "repeat_expansions/hugelymodelbat_exphunter_sorted.bam.bai",
                "repeat_expansions/hugelymodelbat_repeat_expansion.vcf",
                "repeat_expansions/justhusky_repeat_expansion_stranger.vcf.gz",
                "repeat_expansions/justhusky_repeat_expansion_stranger.vcf.gz.tbi",
                "smncopynumbercaller",
                "smncopynumbercaller/out",
                "smncopynumbercaller/out/justhusky_smncopynumbercaller.json",
                "smncopynumbercaller/out/justhusky_smncopynumbercaller.tsv",
                "trimming",
                "trimming/hugelymodelbat_LNUMBER1.fastp.html",
                "trimming/hugelymodelbat_LNUMBER1.fastp.json",
                "trimming/hugelymodelbat_LNUMBER1.fastp.log",
                "trimming/hugelymodelbat_LNUMBER1_R1.fastp.fastq.gz",
                "trimming/hugelymodelbat_LNUMBER1_R2.fastp.fastq.gz",
                "vcf2cytosure",
                "vcf2cytosure/hugelymodelbat.cgh"
            ]
        ],
        "timestamp": "2026-06-18T13:38:45.854734171",
        "meta": {
            "nf-test": "0.9.5",
            "nextflow": "26.04.3"
        }
    }
}