{
    "CALL_SV_MT - stub": {
        "content": [
            {
                "0": [
                    [
                        {
                            "id": "earlycasualcaiman",
                            "sample": "earlycasualcaiman",
                            "single_end": false,
                            "num_lanes": 1,
                            "read_group": "'@RG\\tID:earlycasualcaiman\\tPL:illumina\\tSM:earlycasualcaiman'",
                            "lane": 1,
                            "sex": 1,
                            "phenotype": 1,
                            "paternal": 0,
                            "maternal": 0,
                            "case_id": "justhusky"
                        },
                        "earlycasualcaiman.breakpoint:md5,d41d8cd98f00b204e9800998ecf8427e"
                    ]
                ],
                "1": [
                    [
                        {
                            "id": "earlycasualcaiman",
                            "sample": "earlycasualcaiman",
                            "single_end": false,
                            "num_lanes": 1,
                            "read_group": "'@RG\\tID:earlycasualcaiman\\tPL:illumina\\tSM:earlycasualcaiman'",
                            "lane": 1,
                            "sex": 1,
                            "phenotype": 1,
                            "paternal": 0,
                            "maternal": 0,
                            "case_id": "justhusky"
                        },
                        "earlycasualcaiman.cluster:md5,d41d8cd98f00b204e9800998ecf8427e"
                    ]
                ],
                "2": [
                    [
                        {
                            "id": "earlycasualcaiman",
                            "sample": "earlycasualcaiman",
                            "single_end": false,
                            "num_lanes": 1,
                            "read_group": "'@RG\\tID:earlycasualcaiman\\tPL:illumina\\tSM:earlycasualcaiman'",
                            "lane": 1,
                            "sex": 1,
                            "phenotype": 1,
                            "paternal": 0,
                            "maternal": 0,
                            "case_id": "justhusky"
                        },
                        "earlycasualcaiman_mitochondria_deletions.txt:md5,d41d8cd98f00b204e9800998ecf8427e"
                    ]
                ],
                "mitosalt_breakpoint": [
                    [
                        {
                            "id": "earlycasualcaiman",
                            "sample": "earlycasualcaiman",
                            "single_end": false,
                            "num_lanes": 1,
                            "read_group": "'@RG\\tID:earlycasualcaiman\\tPL:illumina\\tSM:earlycasualcaiman'",
                            "lane": 1,
                            "sex": 1,
                            "phenotype": 1,
                            "paternal": 0,
                            "maternal": 0,
                            "case_id": "justhusky"
                        },
                        "earlycasualcaiman.breakpoint:md5,d41d8cd98f00b204e9800998ecf8427e"
                    ]
                ],
                "mitosalt_cluster": [
                    [
                        {
                            "id": "earlycasualcaiman",
                            "sample": "earlycasualcaiman",
                            "single_end": false,
                            "num_lanes": 1,
                            "read_group": "'@RG\\tID:earlycasualcaiman\\tPL:illumina\\tSM:earlycasualcaiman'",
                            "lane": 1,
                            "sex": 1,
                            "phenotype": 1,
                            "paternal": 0,
                            "maternal": 0,
                            "case_id": "justhusky"
                        },
                        "earlycasualcaiman.cluster:md5,d41d8cd98f00b204e9800998ecf8427e"
                    ]
                ],
                "mt_del_result": [
                    [
                        {
                            "id": "earlycasualcaiman",
                            "sample": "earlycasualcaiman",
                            "single_end": false,
                            "num_lanes": 1,
                            "read_group": "'@RG\\tID:earlycasualcaiman\\tPL:illumina\\tSM:earlycasualcaiman'",
                            "lane": 1,
                            "sex": 1,
                            "phenotype": 1,
                            "paternal": 0,
                            "maternal": 0,
                            "case_id": "justhusky"
                        },
                        "earlycasualcaiman_mitochondria_deletions.txt:md5,d41d8cd98f00b204e9800998ecf8427e"
                    ]
                ]
            }
        ],
        "timestamp": "2026-03-06T06:08:49.770501228",
        "meta": {
            "nf-test": "0.9.4",
            "nextflow": "25.10.4"
        }
    }
}