{
    "RANK_VARIANTS - SV (process_with_sort = true), stub": {
        "content": [
            {
                "0": [
                    [
                        {
                            "id": "justhusky",
                            "single_end": false
                        },
                        "justhusky.vcf.gz:md5,68b329da9893e34099c7d8ad5cb9c940"
                    ]
                ],
                "vcf": [
                    [
                        {
                            "id": "justhusky",
                            "single_end": false
                        },
                        "justhusky.vcf.gz:md5,68b329da9893e34099c7d8ad5cb9c940"
                    ]
                ]
            }
        ],
        "timestamp": "2026-03-04T13:56:59.686533478",
        "meta": {
            "nf-test": "0.9.4",
            "nextflow": "25.10.4"
        }
    },
    "RANK_VARIANTS - SNV (process_with_sort = false), stub": {
        "content": [
            {
                "0": [
                    [
                        {
                            "id": "justhusky",
                            "single_end": false
                        },
                        "justhusky.vcf.gz:md5,68b329da9893e34099c7d8ad5cb9c940"
                    ]
                ],
                "vcf": [
                    [
                        {
                            "id": "justhusky",
                            "single_end": false
                        },
                        "justhusky.vcf.gz:md5,68b329da9893e34099c7d8ad5cb9c940"
                    ]
                ]
            }
        ],
        "timestamp": "2026-03-04T13:57:53.225169802",
        "meta": {
            "nf-test": "0.9.4",
            "nextflow": "25.10.4"
        }
    }
}