{
    "POSTPROCESS_MT_CALLS - stub": {
        "content": [
            {
                "0": [
                    [
                        {
                            "id": "justhusky"
                        },
                        "justhusky_mitochondria.vcf.gz.tbi:md5,d41d8cd98f00b204e9800998ecf8427e"
                    ]
                ],
                "1": [
                    [
                        {
                            "id": "justhusky"
                        },
                        "justhusky_mitochondria.vcf.gz:md5,68b329da9893e34099c7d8ad5cb9c940"
                    ]
                ],
                "2": [
                    [
                        "call_snv/mitochondria/",
                        [
                            {
                                "id": "justhusky"
                            },
                            "justhusky_mitochondria.vcf.gz.tbi:md5,d41d8cd98f00b204e9800998ecf8427e"
                        ]
                    ],
                    [
                        "call_snv/mitochondria/",
                        [
                            {
                                "id": "justhusky"
                            },
                            "justhusky_mitochondria.vcf.gz:md5,68b329da9893e34099c7d8ad5cb9c940"
                        ]
                    ]
                ],
                "publish": [
                    [
                        "call_snv/mitochondria/",
                        [
                            {
                                "id": "justhusky"
                            },
                            "justhusky_mitochondria.vcf.gz.tbi:md5,d41d8cd98f00b204e9800998ecf8427e"
                        ]
                    ],
                    [
                        "call_snv/mitochondria/",
                        [
                            {
                                "id": "justhusky"
                            },
                            "justhusky_mitochondria.vcf.gz:md5,68b329da9893e34099c7d8ad5cb9c940"
                        ]
                    ]
                ],
                "tbi": [
                    [
                        {
                            "id": "justhusky"
                        },
                        "justhusky_mitochondria.vcf.gz.tbi:md5,d41d8cd98f00b204e9800998ecf8427e"
                    ]
                ],
                "vcf": [
                    [
                        {
                            "id": "justhusky"
                        },
                        "justhusky_mitochondria.vcf.gz:md5,68b329da9893e34099c7d8ad5cb9c940"
                    ]
                ]
            }
        ],
        "timestamp": "2026-06-17T10:53:35.606756981",
        "meta": {
            "nf-test": "0.9.5",
            "nextflow": "26.03.4"
        }
    }
}