{
    "ANNOTATE_MT_SNVS - GRCh37": {
        "content": [
            {
                "vcfanno_gnomad_mt_vcfanno_vep.vcf.gz:md5,35b30b356d34416a56b262834cbeaf32": "VcfFile [chromosomes=[MT], sampleCount=0, variantCount=18164, phased=true, phasedAutodetect=true]"
            },
            "vcfanno_gnomad_mt_vcfanno_vep.vcf.gz:md5,35b30b356d34416a56b262834cbeaf32",
            "VcfFile [chromosomes=[MT], sampleCount=0, variantCount=18164, phased=true, phasedAutodetect=true]",
            "annotate_snv/mitochondria/",
            {
                
            }
        ],
        "timestamp": "2026-06-24T11:27:16.802351909",
        "meta": {
            "nf-test": "0.9.5",
            "nextflow": "26.03.4"
        }
    },
    "ANNOTATE_MT_SNVS - GRCh37, stub": {
        "content": [
            [
                [
                    "0",
                    [
                        [
                            "annotate_snv/mitochondria/",
                            [
                                {
                                    "id": "justhusky",
                                    "case_id": "justhusky",
                                    "prefix": "vcfanno_gnomad_mt_vcfanno_vep"
                                },
                                "vcfanno_gnomad_mt_vcfanno_vep.vcf.gz:md5,68b329da9893e34099c7d8ad5cb9c940"
                            ]
                        ],
                        [
                            "annotate_snv/mitochondria/",
                            [
                                {
                                    "id": "justhusky",
                                    "case_id": "justhusky",
                                    "prefix": "vcfanno_gnomad_mt_vcfanno_vep"
                                },
                                "vcfanno_gnomad_mt_vcfanno_vep.vcf.gz.tbi:md5,d41d8cd98f00b204e9800998ecf8427e"
                            ]
                        ]
                    ]
                ],
                [
                    "1",
                    [
                        [
                            {
                                "id": "justhusky",
                                "case_id": "justhusky",
                                "prefix": "vcfanno_gnomad_mt_vcfanno_vep"
                            },
                            "ANNOTATE_MT_SNVS:ENSEMBLVEP_MT",
                            "ensemblvep",
                            "vcfanno_gnomad_mt_vcfanno_vep_summary.html:md5,d41d8cd98f00b204e9800998ecf8427e"
                        ]
                    ]
                ],
                [
                    "2",
                    [
                        [
                            {
                                "id": "justhusky",
                                "case_id": "justhusky",
                                "prefix": "vcfanno_gnomad_mt_vcfanno_vep"
                            },
                            "vcfanno_gnomad_mt_vcfanno_vep.vcf.gz.tbi:md5,d41d8cd98f00b204e9800998ecf8427e"
                        ]
                    ]
                ],
                [
                    "3",
                    [
                        [
                            {
                                "id": "justhusky",
                                "case_id": "justhusky",
                                "prefix": "vcfanno_gnomad_mt_vcfanno_vep"
                            },
                            "vcfanno_gnomad_mt_vcfanno_vep.vcf.gz:md5,68b329da9893e34099c7d8ad5cb9c940"
                        ]
                    ]
                ],
                [
                    "publish",
                    [
                        [
                            "annotate_snv/mitochondria/",
                            [
                                {
                                    "id": "justhusky",
                                    "case_id": "justhusky",
                                    "prefix": "vcfanno_gnomad_mt_vcfanno_vep"
                                },
                                "vcfanno_gnomad_mt_vcfanno_vep.vcf.gz:md5,68b329da9893e34099c7d8ad5cb9c940"
                            ]
                        ],
                        [
                            "annotate_snv/mitochondria/",
                            [
                                {
                                    "id": "justhusky",
                                    "case_id": "justhusky",
                                    "prefix": "vcfanno_gnomad_mt_vcfanno_vep"
                                },
                                "vcfanno_gnomad_mt_vcfanno_vep.vcf.gz.tbi:md5,d41d8cd98f00b204e9800998ecf8427e"
                            ]
                        ]
                    ]
                ],
                [
                    "report",
                    [
                        [
                            {
                                "id": "justhusky",
                                "case_id": "justhusky",
                                "prefix": "vcfanno_gnomad_mt_vcfanno_vep"
                            },
                            "ANNOTATE_MT_SNVS:ENSEMBLVEP_MT",
                            "ensemblvep",
                            "vcfanno_gnomad_mt_vcfanno_vep_summary.html:md5,d41d8cd98f00b204e9800998ecf8427e"
                        ]
                    ]
                ],
                [
                    "tbi",
                    [
                        [
                            {
                                "id": "justhusky",
                                "case_id": "justhusky",
                                "prefix": "vcfanno_gnomad_mt_vcfanno_vep"
                            },
                            "vcfanno_gnomad_mt_vcfanno_vep.vcf.gz.tbi:md5,d41d8cd98f00b204e9800998ecf8427e"
                        ]
                    ]
                ],
                [
                    "vcf_ann",
                    [
                        [
                            {
                                "id": "justhusky",
                                "case_id": "justhusky",
                                "prefix": "vcfanno_gnomad_mt_vcfanno_vep"
                            },
                            "vcfanno_gnomad_mt_vcfanno_vep.vcf.gz:md5,68b329da9893e34099c7d8ad5cb9c940"
                        ]
                    ]
                ]
            ]
        ],
        "timestamp": "2026-06-24T11:04:00.579594708",
        "meta": {
            "nf-test": "0.9.5",
            "nextflow": "26.03.4"
        }
    }
}