{
    "align sentieon": {
        "content": [
            [
                [
                    {
                        "groupSize": 1,
                        "groupTarget": {
                            "id": "test",
                            "sample": "test",
                            "single_end": false,
                            "num_lanes": 1,
                            "read_group": "'@RG\\tID:test\\tPL:illumina\\tSM:test'"
                        }
                    },
                    "2d64e4363d9f3c0e2167fce49d5087cf"
                ]
            ],
            [
                [
                    {
                        "groupSize": 1,
                        "groupTarget": {
                            "id": "test",
                            "sample": "test",
                            "single_end": false,
                            "num_lanes": 1,
                            "read_group": "'@RG\\tID:test\\tPL:illumina\\tSM:test'"
                        }
                    },
                    "test_dedup.bam.bai"
                ]
            ],
            [
                [
                    {
                        "groupSize": 1,
                        "groupTarget": {
                            "id": "test",
                            "sample": "test",
                            "single_end": false,
                            "num_lanes": 1,
                            "read_group": "'@RG\\tID:test\\tPL:illumina\\tSM:test'"
                        }
                    },
                    "test_datametrics_aln_metrics.txt:md5,e016dd74f156d0b31a787903b8fef29c"
                ]
            ],
            [
                [
                    {
                        "groupSize": 1,
                        "groupTarget": {
                            "id": "test",
                            "sample": "test",
                            "single_end": false,
                            "num_lanes": 1,
                            "read_group": "'@RG\\tID:test\\tPL:illumina\\tSM:test'"
                        }
                    },
                    "test_datametrics_gc_metrics.txt:md5,003ed2dae28d295e5005fc2be942fd24"
                ]
            ],
            [
                [
                    {
                        "groupSize": 1,
                        "groupTarget": {
                            "id": "test",
                            "sample": "test",
                            "single_end": false,
                            "num_lanes": 1,
                            "read_group": "'@RG\\tID:test\\tPL:illumina\\tSM:test'"
                        }
                    },
                    "test_datametrics_gc_summary.txt:md5,c238cb8240e7145ea62fd7bc26787cf5"
                ]
            ],
            [
                [
                    {
                        "groupSize": 1,
                        "groupTarget": {
                            "id": "test",
                            "sample": "test",
                            "single_end": false,
                            "num_lanes": 1,
                            "read_group": "'@RG\\tID:test\\tPL:illumina\\tSM:test'"
                        }
                    },
                    "test_datametrics_is_metrics.txt:md5,47dec263ece77d2f5816012a345e8531"
                ]
            ],
            [
                [
                    {
                        "groupSize": 1,
                        "groupTarget": {
                            "id": "test",
                            "sample": "test",
                            "single_end": false,
                            "num_lanes": 1,
                            "read_group": "'@RG\\tID:test\\tPL:illumina\\tSM:test'"
                        }
                    },
                    "test_datametrics_mq_metrics.txt:md5,a0ee4d2b9970df49fed3f262c10b5e16"
                ]
            ],
            [
                [
                    {
                        "groupSize": 1,
                        "groupTarget": {
                            "id": "test",
                            "sample": "test",
                            "single_end": false,
                            "num_lanes": 1,
                            "read_group": "'@RG\\tID:test\\tPL:illumina\\tSM:test'"
                        }
                    },
                    "test_datametrics_qd_metrics.txt:md5,8192ba26ccf5cea0778e9ed2cf187430"
                ]
            ],
            [
                [
                    {
                        "groupSize": 1,
                        "groupTarget": {
                            "id": "test",
                            "sample": "test",
                            "single_end": false,
                            "num_lanes": 1,
                            "read_group": "'@RG\\tID:test\\tPL:illumina\\tSM:test'"
                        }
                    },
                    "test_dedup.bam.metrics:md5,67c42dfe156b0613d30966768d01b55c"
                ]
            ],
            [
                [
                    {
                        "groupSize": 1,
                        "groupTarget": {
                            "id": "test",
                            "sample": "test",
                            "single_end": false,
                            "num_lanes": 1,
                            "read_group": "'@RG\\tID:test\\tPL:illumina\\tSM:test'"
                        }
                    },
                    "test_dedup.bam.metrics.multiqc.tsv:md5,67c42dfe156b0613d30966768d01b55c"
                ]
            ],
            [
                [
                    {
                        "groupSize": 1,
                        "groupTarget": {
                            "id": "test",
                            "sample": "test",
                            "single_end": false,
                            "num_lanes": 1,
                            "read_group": "'@RG\\tID:test\\tPL:illumina\\tSM:test'"
                        }
                    },
                    "test_dedup.score:md5,107725946bfe75d63c82d4f330872833"
                ]
            ]
        ],
        "timestamp": "2026-05-20T01:12:45.869407855",
        "meta": {
            "nf-test": "0.9.4",
            "nextflow": "25.10.4"
        }
    }
}