{
    "align bwamem2 - wgs": {
        "content": [
            [
                "earlycasualcaiman.fastp.html",
                "earlycasualcaiman.fastp.json",
                "earlycasualcaiman.fastp.log",
                "earlycasualcaiman_R1.fastp.fastq.gz",
                "earlycasualcaiman_R2.fastp.fastq.gz",
                "earlycasualcaiman_sort_md_primary_contigs.cram",
                "earlycasualcaiman_sort_md_primary_contigs.cram.crai",
                "hugelymodelbat.fastp.html",
                "hugelymodelbat.fastp.json",
                "hugelymodelbat.fastp.log",
                "hugelymodelbat_R1.fastp.fastq.gz",
                "hugelymodelbat_R2.fastp.fastq.gz",
                "hugelymodelbat_sort_md_primary_contigs.cram",
                "hugelymodelbat_sort_md_primary_contigs.cram.crai",
                "slowlycivilbuck.fastp.html",
                "slowlycivilbuck.fastp.json",
                "slowlycivilbuck.fastp.log",
                "slowlycivilbuck_R1.fastp.fastq.gz",
                "slowlycivilbuck_R2.fastp.fastq.gz",
                "slowlycivilbuck_sort_md_primary_contigs.cram",
                "slowlycivilbuck_sort_md_primary_contigs.cram.crai"
            ],
            [
                [
                    {
                        "groupSize": 1,
                        "groupTarget": {
                            "id": "earlycasualcaiman",
                            "sample": "earlycasualcaiman",
                            "single_end": false,
                            "num_lanes": 1,
                            "read_group": "'@RG\\tID:earlycasualcaiman\\tPL:illumina\\tSM:earlycasualcaiman'",
                            "sex": 1,
                            "phenotype": 1,
                            "paternal": 0,
                            "maternal": 0,
                            "case_id": "justhusky"
                        }
                    },
                    "bb547b29eca1afded4229826c774fc90",
                    "earlycasualcaiman_sort_md_primary_contigs.bam.bai"
                ],
                [
                    {
                        "groupSize": 1,
                        "groupTarget": {
                            "id": "hugelymodelbat",
                            "sample": "hugelymodelbat",
                            "single_end": false,
                            "num_lanes": 1,
                            "read_group": "'@RG\\tID:hugelymodelbat\\tPL:illumina\\tSM:hugelymodelbat'",
                            "sex": 1,
                            "phenotype": 2,
                            "paternal": "earlycasualcaiman",
                            "maternal": "slowlycivilbuck",
                            "case_id": "justhusky"
                        }
                    },
                    "6f48b21e58c7450dd4db0bfc1268d687",
                    "hugelymodelbat_sort_md_primary_contigs.bam.bai"
                ],
                [
                    {
                        "groupSize": 1,
                        "groupTarget": {
                            "id": "slowlycivilbuck",
                            "sample": "slowlycivilbuck",
                            "single_end": false,
                            "num_lanes": 1,
                            "read_group": "'@RG\\tID:slowlycivilbuck\\tPL:illumina\\tSM:slowlycivilbuck'",
                            "sex": 2,
                            "phenotype": 1,
                            "paternal": 0,
                            "maternal": 0,
                            "case_id": "justhusky"
                        }
                    },
                    "e8431e5dc096f9636efd37ebfe9a5883",
                    "slowlycivilbuck_sort_md_primary_contigs.bam.bai"
                ]
            ],
            [
                [
                    {
                        "groupSize": 1,
                        "groupTarget": {
                            "id": "earlycasualcaiman",
                            "sample": "earlycasualcaiman",
                            "single_end": false,
                            "num_lanes": 1,
                            "read_group": "'@RG\\tID:earlycasualcaiman\\tPL:illumina\\tSM:earlycasualcaiman'",
                            "sex": 1,
                            "phenotype": 1,
                            "paternal": 0,
                            "maternal": 0,
                            "case_id": "justhusky"
                        }
                    },
                    "df4054395a0ae4588719c34560b4e26f",
                    "earlycasualcaiman.bam.bai"
                ],
                [
                    {
                        "groupSize": 1,
                        "groupTarget": {
                            "id": "hugelymodelbat",
                            "sample": "hugelymodelbat",
                            "single_end": false,
                            "num_lanes": 1,
                            "read_group": "'@RG\\tID:hugelymodelbat\\tPL:illumina\\tSM:hugelymodelbat'",
                            "sex": 1,
                            "phenotype": 2,
                            "paternal": "earlycasualcaiman",
                            "maternal": "slowlycivilbuck",
                            "case_id": "justhusky"
                        }
                    },
                    "601871c90e6b0a1f805d19ea8b60a7e5",
                    "hugelymodelbat.bam.bai"
                ],
                [
                    {
                        "groupSize": 1,
                        "groupTarget": {
                            "id": "slowlycivilbuck",
                            "sample": "slowlycivilbuck",
                            "single_end": false,
                            "num_lanes": 1,
                            "read_group": "'@RG\\tID:slowlycivilbuck\\tPL:illumina\\tSM:slowlycivilbuck'",
                            "sex": 2,
                            "phenotype": 1,
                            "paternal": 0,
                            "maternal": 0,
                            "case_id": "justhusky"
                        }
                    },
                    "35da26a8d2d56b62e01b2e879cd8addd",
                    "slowlycivilbuck.bam.bai"
                ]
            ],
            [
                [
                    {
                        "groupSize": 1,
                        "groupTarget": {
                            "id": "earlycasualcaiman",
                            "sample": "earlycasualcaiman",
                            "single_end": false,
                            "num_lanes": 1,
                            "read_group": "'@RG\\tID:earlycasualcaiman\\tPL:illumina\\tSM:earlycasualcaiman'",
                            "sex": 1,
                            "phenotype": 1,
                            "paternal": 0,
                            "maternal": 0,
                            "case_id": "justhusky"
                        }
                    },
                    "9beeefe789d896c08d55e8b8d13d9623",
                    "earlycasualcaiman_sorted_merged_md_sorted.bam.bai"
                ],
                [
                    {
                        "groupSize": 1,
                        "groupTarget": {
                            "id": "hugelymodelbat",
                            "sample": "hugelymodelbat",
                            "single_end": false,
                            "num_lanes": 1,
                            "read_group": "'@RG\\tID:hugelymodelbat\\tPL:illumina\\tSM:hugelymodelbat'",
                            "sex": 1,
                            "phenotype": 2,
                            "paternal": "earlycasualcaiman",
                            "maternal": "slowlycivilbuck",
                            "case_id": "justhusky"
                        }
                    },
                    "b18998c8cf7dc417ca9a122ba1c9403d",
                    "hugelymodelbat_sorted_merged_md_sorted.bam.bai"
                ],
                [
                    {
                        "groupSize": 1,
                        "groupTarget": {
                            "id": "slowlycivilbuck",
                            "sample": "slowlycivilbuck",
                            "single_end": false,
                            "num_lanes": 1,
                            "read_group": "'@RG\\tID:slowlycivilbuck\\tPL:illumina\\tSM:slowlycivilbuck'",
                            "sex": 2,
                            "phenotype": 1,
                            "paternal": 0,
                            "maternal": 0,
                            "case_id": "justhusky"
                        }
                    },
                    "a5d6892191a2c8c1f29966448623ca1b",
                    "slowlycivilbuck_sorted_merged_md_sorted.bam.bai"
                ]
            ],
            [
                [
                    {
                        "groupSize": 1,
                        "groupTarget": {
                            "id": "earlycasualcaiman",
                            "sample": "earlycasualcaiman",
                            "single_end": false,
                            "num_lanes": 1,
                            "read_group": "'@RG\\tID:earlycasualcaiman\\tPL:illumina\\tSM:earlycasualcaiman'",
                            "sex": 1,
                            "phenotype": 1,
                            "paternal": 0,
                            "maternal": 0,
                            "case_id": "justhusky"
                        }
                    },
                    "130fb09f419109e40a6be267bfbd8c88",
                    "earlycasualcaiman_sorted_merged_md_sorted_shifted.bam.bai"
                ],
                [
                    {
                        "groupSize": 1,
                        "groupTarget": {
                            "id": "hugelymodelbat",
                            "sample": "hugelymodelbat",
                            "single_end": false,
                            "num_lanes": 1,
                            "read_group": "'@RG\\tID:hugelymodelbat\\tPL:illumina\\tSM:hugelymodelbat'",
                            "sex": 1,
                            "phenotype": 2,
                            "paternal": "earlycasualcaiman",
                            "maternal": "slowlycivilbuck",
                            "case_id": "justhusky"
                        }
                    },
                    "97e6eaae1cda668da59e5c16a9bbcc1d",
                    "hugelymodelbat_sorted_merged_md_sorted_shifted.bam.bai"
                ],
                [
                    {
                        "groupSize": 1,
                        "groupTarget": {
                            "id": "slowlycivilbuck",
                            "sample": "slowlycivilbuck",
                            "single_end": false,
                            "num_lanes": 1,
                            "read_group": "'@RG\\tID:slowlycivilbuck\\tPL:illumina\\tSM:slowlycivilbuck'",
                            "sex": 2,
                            "phenotype": 1,
                            "paternal": 0,
                            "maternal": 0,
                            "case_id": "justhusky"
                        }
                    },
                    "427b5e476d84c5277d2d24210800ad60",
                    "slowlycivilbuck_sorted_merged_md_sorted_shifted.bam.bai"
                ]
            ]
        ],
        "timestamp": "2026-04-08T13:33:51.233648996",
        "meta": {
            "nf-test": "0.9.4",
            "nextflow": "25.10.4"
        }
    },
    "align bwameme - wgs": {
        "content": [
            [
                "earlycasualcaiman_sort_md.cram",
                "earlycasualcaiman_sort_md.cram.crai",
                "hugelymodelbat_sort_md.cram",
                "hugelymodelbat_sort_md.cram.crai",
                "slowlycivilbuck_sort_md.cram",
                "slowlycivilbuck_sort_md.cram.crai"
            ],
            [
                [
                    {
                        "groupSize": 1,
                        "groupTarget": {
                            "id": "earlycasualcaiman",
                            "sample": "earlycasualcaiman",
                            "single_end": false,
                            "num_lanes": 1,
                            "read_group": "'@RG\\tID:earlycasualcaiman\\tPL:illumina\\tSM:earlycasualcaiman'",
                            "sex": 1,
                            "phenotype": 1,
                            "paternal": 0,
                            "maternal": 0,
                            "case_id": "justhusky"
                        }
                    },
                    "9266e8231917cc16ff9845e50ed22801",
                    "earlycasualcaiman_sorted_md.bam.bai"
                ],
                [
                    {
                        "groupSize": 1,
                        "groupTarget": {
                            "id": "hugelymodelbat",
                            "sample": "hugelymodelbat",
                            "single_end": false,
                            "num_lanes": 1,
                            "read_group": "'@RG\\tID:hugelymodelbat\\tPL:illumina\\tSM:hugelymodelbat'",
                            "sex": 1,
                            "phenotype": 2,
                            "paternal": "earlycasualcaiman",
                            "maternal": "slowlycivilbuck",
                            "case_id": "justhusky"
                        }
                    },
                    "1df3c2e109a79ba4e7b8293aefbad8",
                    "hugelymodelbat_sorted_md.bam.bai"
                ],
                [
                    {
                        "groupSize": 1,
                        "groupTarget": {
                            "id": "slowlycivilbuck",
                            "sample": "slowlycivilbuck",
                            "single_end": false,
                            "num_lanes": 1,
                            "read_group": "'@RG\\tID:slowlycivilbuck\\tPL:illumina\\tSM:slowlycivilbuck'",
                            "sex": 2,
                            "phenotype": 1,
                            "paternal": 0,
                            "maternal": 0,
                            "case_id": "justhusky"
                        }
                    },
                    "645db4b1d55d6d42cba2b55eee1a630",
                    "slowlycivilbuck_sorted_md.bam.bai"
                ]
            ],
            [
                [
                    {
                        "groupSize": 1,
                        "groupTarget": {
                            "id": "earlycasualcaiman",
                            "sample": "earlycasualcaiman",
                            "single_end": false,
                            "num_lanes": 1,
                            "read_group": "'@RG\\tID:earlycasualcaiman\\tPL:illumina\\tSM:earlycasualcaiman'",
                            "sex": 1,
                            "phenotype": 1,
                            "paternal": 0,
                            "maternal": 0,
                            "case_id": "justhusky"
                        }
                    },
                    "c55f8bf7b7c42ad8dcef6565eff4440b",
                    "earlycasualcaiman.bam.bai"
                ],
                [
                    {
                        "groupSize": 1,
                        "groupTarget": {
                            "id": "hugelymodelbat",
                            "sample": "hugelymodelbat",
                            "single_end": false,
                            "num_lanes": 1,
                            "read_group": "'@RG\\tID:hugelymodelbat\\tPL:illumina\\tSM:hugelymodelbat'",
                            "sex": 1,
                            "phenotype": 2,
                            "paternal": "earlycasualcaiman",
                            "maternal": "slowlycivilbuck",
                            "case_id": "justhusky"
                        }
                    },
                    "7fc6a7a47e90fb46daeff00093c7c498",
                    "hugelymodelbat.bam.bai"
                ],
                [
                    {
                        "groupSize": 1,
                        "groupTarget": {
                            "id": "slowlycivilbuck",
                            "sample": "slowlycivilbuck",
                            "single_end": false,
                            "num_lanes": 1,
                            "read_group": "'@RG\\tID:slowlycivilbuck\\tPL:illumina\\tSM:slowlycivilbuck'",
                            "sex": 2,
                            "phenotype": 1,
                            "paternal": 0,
                            "maternal": 0,
                            "case_id": "justhusky"
                        }
                    },
                    "f0b3fe7d566ae0db56bb85e17d8ec28f",
                    "slowlycivilbuck.bam.bai"
                ]
            ],
            [
                
            ]
        ],
        "timestamp": "2026-03-13T14:59:34.430725854",
        "meta": {
            "nf-test": "0.9.4",
            "nextflow": "25.10.4"
        }
    },
    "align bwamem2 - wes": {
        "content": [
            [
                "earlycasualcaiman.fastp.html",
                "earlycasualcaiman.fastp.json",
                "earlycasualcaiman.fastp.log",
                "earlycasualcaiman_R1.fastp.fastq.gz",
                "earlycasualcaiman_R2.fastp.fastq.gz",
                "earlycasualcaiman_sorted_md.bam",
                "earlycasualcaiman_sorted_md.bam.bai",
                "earlycasualcaiman_sorted_md.metrics.txt",
                "hugelymodelbat.fastp.html",
                "hugelymodelbat.fastp.json",
                "hugelymodelbat.fastp.log",
                "hugelymodelbat_R1.fastp.fastq.gz",
                "hugelymodelbat_R2.fastp.fastq.gz",
                "hugelymodelbat_sorted_md.bam",
                "hugelymodelbat_sorted_md.bam.bai",
                "hugelymodelbat_sorted_md.metrics.txt",
                "slowlycivilbuck.fastp.html",
                "slowlycivilbuck.fastp.json",
                "slowlycivilbuck.fastp.log",
                "slowlycivilbuck_R1.fastp.fastq.gz",
                "slowlycivilbuck_R2.fastp.fastq.gz",
                "slowlycivilbuck_sorted_md.bam",
                "slowlycivilbuck_sorted_md.bam.bai",
                "slowlycivilbuck_sorted_md.metrics.txt"
            ],
            [
                [
                    {
                        "groupSize": 1,
                        "groupTarget": {
                            "id": "earlycasualcaiman",
                            "sample": "earlycasualcaiman",
                            "single_end": false,
                            "num_lanes": 1,
                            "read_group": "'@RG\\tID:earlycasualcaiman\\tPL:illumina\\tSM:earlycasualcaiman'",
                            "sex": 1,
                            "phenotype": 1,
                            "paternal": 0,
                            "maternal": 0,
                            "case_id": "justhusky"
                        }
                    },
                    "d41d8cd98f00b204e9800998ecf8427e",
                    "earlycasualcaiman_sorted_md.bam.bai"
                ],
                [
                    {
                        "groupSize": 1,
                        "groupTarget": {
                            "id": "hugelymodelbat",
                            "sample": "hugelymodelbat",
                            "single_end": false,
                            "num_lanes": 1,
                            "read_group": "'@RG\\tID:hugelymodelbat\\tPL:illumina\\tSM:hugelymodelbat'",
                            "sex": 1,
                            "phenotype": 2,
                            "paternal": "earlycasualcaiman",
                            "maternal": "slowlycivilbuck",
                            "case_id": "justhusky"
                        }
                    },
                    "d41d8cd98f00b204e9800998ecf8427e",
                    "hugelymodelbat_sorted_md.bam.bai"
                ],
                [
                    {
                        "groupSize": 1,
                        "groupTarget": {
                            "id": "slowlycivilbuck",
                            "sample": "slowlycivilbuck",
                            "single_end": false,
                            "num_lanes": 1,
                            "read_group": "'@RG\\tID:slowlycivilbuck\\tPL:illumina\\tSM:slowlycivilbuck'",
                            "sex": 2,
                            "phenotype": 1,
                            "paternal": 0,
                            "maternal": 0,
                            "case_id": "justhusky"
                        }
                    },
                    "d41d8cd98f00b204e9800998ecf8427e",
                    "slowlycivilbuck_sorted_md.bam.bai"
                ]
            ],
            [
                
            ],
            [
                
            ],
            [
                
            ]
        ],
        "timestamp": "2026-03-13T14:53:37.576915277",
        "meta": {
            "nf-test": "0.9.4",
            "nextflow": "25.10.4"
        }
    }
}