{
    "align bwafastalign": {
        "content": [
            [
                "test_sorted_md.bai",
                "test_sorted_md.bam",
                "test_sorted_md.metrics.txt"
            ],
            [
                [
                    {
                        "groupSize": 1,
                        "groupTarget": {
                            "id": "test",
                            "sample": "test",
                            "single_end": false,
                            "num_lanes": 1,
                            "read_group": "'@RG\\tID:test\\tPL:illumina\\tSM:test'"
                        }
                    },
                    "455ff02fb2f8d0d65d5fa20b8fd4f4ac"
                ]
            ],
            [
                [
                    {
                        "groupSize": 1,
                        "groupTarget": {
                            "id": "test",
                            "sample": "test",
                            "single_end": false,
                            "num_lanes": 1,
                            "read_group": "'@RG\\tID:test\\tPL:illumina\\tSM:test'"
                        }
                    },
                    "af8628d9df18b2d3d4f6fd47ef2bb872"
                ]
            ]
        ],
        "timestamp": "2026-06-15T15:01:16.183977034",
        "meta": {
            "nf-test": "0.9.5",
            "nextflow": "26.03.4"
        }
    },
    "align bwamem2": {
        "content": [
            [
                "test_sorted_md.bai",
                "test_sorted_md.bam",
                "test_sorted_md.metrics.txt"
            ],
            [
                [
                    {
                        "groupSize": 1,
                        "groupTarget": {
                            "id": "test",
                            "sample": "test",
                            "single_end": false,
                            "num_lanes": 1,
                            "read_group": "'@RG\\tID:test\\tPL:illumina\\tSM:test'"
                        }
                    },
                    "3d92874571b87b37115d09bdf486b43c"
                ]
            ],
            [
                [
                    {
                        "groupSize": 1,
                        "groupTarget": {
                            "id": "test",
                            "sample": "test",
                            "single_end": false,
                            "num_lanes": 1,
                            "read_group": "'@RG\\tID:test\\tPL:illumina\\tSM:test'"
                        }
                    },
                    "af8628d9df18b2d3d4f6fd47ef2bb872"
                ]
            ]
        ],
        "timestamp": "2026-06-15T14:59:34.44436902",
        "meta": {
            "nf-test": "0.9.5",
            "nextflow": "26.03.4"
        }
    },
    "align bwameme, FASTDUP with bai index": {
        "content": [
            [
                "test_sorted_md.bam",
                "test_sorted_md.bam.bai",
                "test_sorted_md.metrics.txt"
            ],
            [
                [
                    {
                        "groupSize": 1,
                        "groupTarget": {
                            "id": "test",
                            "sample": "test",
                            "single_end": false,
                            "num_lanes": 1,
                            "read_group": "'@RG\\tID:test\\tPL:illumina\\tSM:test'"
                        }
                    },
                    "785f016d043339de0df488fa1bb3a16"
                ]
            ],
            [
                [
                    {
                        "groupSize": 1,
                        "groupTarget": {
                            "id": "test",
                            "sample": "test",
                            "single_end": false,
                            "num_lanes": 1,
                            "read_group": "'@RG\\tID:test\\tPL:illumina\\tSM:test'"
                        }
                    },
                    "af8628d9df18b2d3d4f6fd47ef2bb872"
                ]
            ]
        ],
        "timestamp": "2026-06-09T13:46:05.133199",
        "meta": {
            "nf-test": "0.9.4",
            "nextflow": "25.10.4"
        }
    },
    "align bwameme": {
        "content": [
            [
                "test_sorted_md.bai",
                "test_sorted_md.bam",
                "test_sorted_md.metrics.txt"
            ],
            [
                [
                    {
                        "groupSize": 1,
                        "groupTarget": {
                            "id": "test",
                            "sample": "test",
                            "single_end": false,
                            "num_lanes": 1,
                            "read_group": "'@RG\\tID:test\\tPL:illumina\\tSM:test'"
                        }
                    },
                    "db87952f0366650eb8d3fcf9aa146472"
                ]
            ],
            [
                [
                    {
                        "groupSize": 1,
                        "groupTarget": {
                            "id": "test",
                            "sample": "test",
                            "single_end": false,
                            "num_lanes": 1,
                            "read_group": "'@RG\\tID:test\\tPL:illumina\\tSM:test'"
                        }
                    },
                    "af8628d9df18b2d3d4f6fd47ef2bb872"
                ]
            ]
        ],
        "timestamp": "2026-06-15T15:01:36.090041714",
        "meta": {
            "nf-test": "0.9.5",
            "nextflow": "26.03.4"
        }
    },
    "align bwameme, FASTDUP with csi index": {
        "content": [
            [
                "test_sorted_md.bam",
                "test_sorted_md.bam.csi",
                "test_sorted_md.metrics.txt"
            ],
            [
                [
                    {
                        "groupSize": 1,
                        "groupTarget": {
                            "id": "test",
                            "sample": "test",
                            "single_end": false,
                            "num_lanes": 1,
                            "read_group": "'@RG\\tID:test\\tPL:illumina\\tSM:test'"
                        }
                    },
                    "6fbed72e21c5b2bcb981e1dded632829"
                ]
            ],
            [
                [
                    {
                        "groupSize": 1,
                        "groupTarget": {
                            "id": "test",
                            "sample": "test",
                            "single_end": false,
                            "num_lanes": 1,
                            "read_group": "'@RG\\tID:test\\tPL:illumina\\tSM:test'"
                        }
                    },
                    "af8628d9df18b2d3d4f6fd47ef2bb872"
                ]
            ]
        ],
        "timestamp": "2026-06-09T13:46:33.608928",
        "meta": {
            "nf-test": "0.9.4",
            "nextflow": "25.10.4"
        }
    }
}