{
    "align bwamem2": {
        "content": [
            [
                "test_sorted_md.metrics.txt"
            ],
            [
                [
                    {
                        "id": "test",
                        "sample": "test",
                        "single_end": false,
                        "num_lanes": 1,
                        "read_group": "'@RG\\tID:test\\tPL:illumina\\tSM:test'"
                    },
                    "test.stats:md5,f0914a56ae73007ebd242cab27861700"
                ]
            ],
            [
                [
                    {
                        "groupSize": 1,
                        "groupTarget": {
                            "id": "test",
                            "sample": "test",
                            "single_end": false,
                            "num_lanes": 1,
                            "read_group": "'@RG\\tID:test\\tPL:illumina\\tSM:test'"
                        }
                    },
                    "72b312c47e502b8272741a40e435b96"
                ]
            ],
            [
                [
                    {
                        "groupSize": 1,
                        "groupTarget": {
                            "id": "test",
                            "sample": "test",
                            "single_end": false,
                            "num_lanes": 1,
                            "read_group": "'@RG\\tID:test\\tPL:illumina\\tSM:test'"
                        }
                    },
                    "af8628d9df18b2d3d4f6fd47ef2bb872"
                ]
            ]
        ],
        "timestamp": "2026-05-20T10:42:39.715894878",
        "meta": {
            "nf-test": "0.9.4",
            "nextflow": "25.10.4"
        }
    },
    "align bwameme": {
        "content": [
            [
                "test_sorted_md.metrics.txt"
            ],
            [
                [
                    {
                        "id": "test",
                        "sample": "test",
                        "single_end": false,
                        "num_lanes": 1,
                        "read_group": "'@RG\\tID:test\\tPL:illumina\\tSM:test'"
                    },
                    "test.stats:md5,f0914a56ae73007ebd242cab27861700"
                ]
            ],
            [
                [
                    {
                        "groupSize": 1,
                        "groupTarget": {
                            "id": "test",
                            "sample": "test",
                            "single_end": false,
                            "num_lanes": 1,
                            "read_group": "'@RG\\tID:test\\tPL:illumina\\tSM:test'"
                        }
                    },
                    "40408ed51d46ab3f1524be98d6b31441"
                ]
            ],
            [
                [
                    {
                        "groupSize": 1,
                        "groupTarget": {
                            "id": "test",
                            "sample": "test",
                            "single_end": false,
                            "num_lanes": 1,
                            "read_group": "'@RG\\tID:test\\tPL:illumina\\tSM:test'"
                        }
                    },
                    "af8628d9df18b2d3d4f6fd47ef2bb872"
                ]
            ]
        ],
        "timestamp": "2026-05-20T10:43:22.366256053",
        "meta": {
            "nf-test": "0.9.4",
            "nextflow": "25.10.4"
        }
    }
}