{
    "align bwamem2": {
        "content": [
            [
                "test_sorted_md.metrics.txt"
            ],
            [
                [
                    {
                        "id": "test",
                        "sample": "test",
                        "single_end": false,
                        "num_lanes": 1,
                        "read_group": "'@RG\\tID:test\\tPL:illumina\\tSM:test'"
                    },
                    "test.stats:md5,f0914a56ae73007ebd242cab27861700"
                ]
            ],
            [
                [
                    {
                        "groupSize": 1,
                        "groupTarget": {
                            "id": "test",
                            "sample": "test",
                            "single_end": false,
                            "num_lanes": 1,
                            "read_group": "'@RG\\tID:test\\tPL:illumina\\tSM:test'"
                        }
                    },
                    "3d92874571b87b37115d09bdf486b43c"
                ]
            ],
            [
                [
                    {
                        "groupSize": 1,
                        "groupTarget": {
                            "id": "test",
                            "sample": "test",
                            "single_end": false,
                            "num_lanes": 1,
                            "read_group": "'@RG\\tID:test\\tPL:illumina\\tSM:test'"
                        }
                    },
                    "af8628d9df18b2d3d4f6fd47ef2bb872"
                ]
            ]
        ],
        "timestamp": "2026-05-28T13:13:41.167363041",
        "meta": {
            "nf-test": "0.9.5",
            "nextflow": "25.10.4"
        }
    },
    "align bwameme": {
        "content": [
            [
                "test_sorted_md.metrics.txt"
            ],
            [
                [
                    {
                        "id": "test",
                        "sample": "test",
                        "single_end": false,
                        "num_lanes": 1,
                        "read_group": "'@RG\\tID:test\\tPL:illumina\\tSM:test'"
                    },
                    "test.stats:md5,f0914a56ae73007ebd242cab27861700"
                ]
            ],
            [
                [
                    {
                        "groupSize": 1,
                        "groupTarget": {
                            "id": "test",
                            "sample": "test",
                            "single_end": false,
                            "num_lanes": 1,
                            "read_group": "'@RG\\tID:test\\tPL:illumina\\tSM:test'"
                        }
                    },
                    "eb1e0324070280f460a858ee072ddf36"
                ]
            ],
            [
                [
                    {
                        "groupSize": 1,
                        "groupTarget": {
                            "id": "test",
                            "sample": "test",
                            "single_end": false,
                            "num_lanes": 1,
                            "read_group": "'@RG\\tID:test\\tPL:illumina\\tSM:test'"
                        }
                    },
                    "af8628d9df18b2d3d4f6fd47ef2bb872"
                ]
            ]
        ],
        "timestamp": "2026-05-28T13:14:27.309722124",
        "meta": {
            "nf-test": "0.9.5",
            "nextflow": "25.10.4"
        }
    }
}