{
    "CALL_SV_MANTA - wgs": {
        "content": [
            "9f37331609347a1685ba4862d8583b2f",
            "2111e88e54fdd01f0492901606bcea6f"
        ],
        "timestamp": "2026-03-01T20:55:33.556714847",
        "meta": {
            "nf-test": "0.9.4",
            "nextflow": "25.10.4"
        }
    }
}