{
    "CALL_STRUCTURAL_VARIANTS - wgs, stub": {
        "content": [
            {
                "0": [
                    [
                        {
                            "id": "earlycasualcaiman",
                            "sample": "earlycasualcaiman",
                            "single_end": false,
                            "num_lanes": 1,
                            "read_group": "'@RG\\tID:earlycasualcaiman\\tPL:illumina\\tSM:earlycasualcaiman'",
                            "lane": 1,
                            "sex": 1,
                            "phenotype": 1,
                            "paternal": 0,
                            "maternal": 0,
                            "case_id": "justhusky"
                        },
                        "earlycasualcaiman_mitochondria_deletions.txt:md5,d41d8cd98f00b204e9800998ecf8427e"
                    ]
                ],
                "1": [
                    [
                        {
                            "id": "justhusky"
                        },
                        "justhusky.saltshaker_classify.html:md5,5ec112032a61697ad6e447fc71573522"
                    ]
                ],
                "2": [
                    [
                        {
                            "id": "earlycasualcaiman",
                            "sample": "earlycasualcaiman",
                            "single_end": false,
                            "num_lanes": 1,
                            "sex": 1,
                            "phenotype": 1,
                            "paternal": 0,
                            "maternal": 0,
                            "case_id": "justhusky"
                        },
                        "earlycasualcaiman.saltshaker.png:md5,d41d8cd98f00b204e9800998ecf8427e"
                    ]
                ],
                "3": [
                    
                ],
                "4": [
                    [
                        {
                            "id": "justhusky"
                        },
                        "justhusky_sv.vcf.gz.tbi:md5,d41d8cd98f00b204e9800998ecf8427e"
                    ]
                ],
                "5": [
                    [
                        {
                            "id": "justhusky"
                        },
                        "justhusky_sv.vcf.gz:md5,68b329da9893e34099c7d8ad5cb9c940"
                    ]
                ],
                "mt_del_result": [
                    [
                        {
                            "id": "earlycasualcaiman",
                            "sample": "earlycasualcaiman",
                            "single_end": false,
                            "num_lanes": 1,
                            "read_group": "'@RG\\tID:earlycasualcaiman\\tPL:illumina\\tSM:earlycasualcaiman'",
                            "lane": 1,
                            "sex": 1,
                            "phenotype": 1,
                            "paternal": 0,
                            "maternal": 0,
                            "case_id": "justhusky"
                        },
                        "earlycasualcaiman_mitochondria_deletions.txt:md5,d41d8cd98f00b204e9800998ecf8427e"
                    ]
                ],
                "saltshaker_html": [
                    [
                        {
                            "id": "justhusky"
                        },
                        "justhusky.saltshaker_classify.html:md5,5ec112032a61697ad6e447fc71573522"
                    ]
                ],
                "saltshaker_plot": [
                    [
                        {
                            "id": "earlycasualcaiman",
                            "sample": "earlycasualcaiman",
                            "single_end": false,
                            "num_lanes": 1,
                            "sex": 1,
                            "phenotype": 1,
                            "paternal": 0,
                            "maternal": 0,
                            "case_id": "justhusky"
                        },
                        "earlycasualcaiman.saltshaker.png:md5,d41d8cd98f00b204e9800998ecf8427e"
                    ]
                ],
                "saltshaker_vcf": [
                    
                ],
                "tbi": [
                    [
                        {
                            "id": "justhusky"
                        },
                        "justhusky_sv.vcf.gz.tbi:md5,d41d8cd98f00b204e9800998ecf8427e"
                    ]
                ],
                "vcf": [
                    [
                        {
                            "id": "justhusky"
                        },
                        "justhusky_sv.vcf.gz:md5,68b329da9893e34099c7d8ad5cb9c940"
                    ]
                ]
            }
        ],
        "timestamp": "2026-06-22T12:30:29.306790749",
        "meta": {
            "nf-test": "0.9.5",
            "nextflow": "26.04.3"
        }
    }
}