{
    "SUBSAMPLE_MT_READS": {
        "content": [
            [
                [
                    {
                        "id": "earlycasualcaiman",
                        "sample": "earlycasualcaiman",
                        "single_end": false,
                        "num_lanes": 1,
                        "read_group": "'@RG\\tID:earlycasualcaiman\\tPL:illumina\\tSM:earlycasualcaiman'",
                        "lane": 1,
                        "sex": 1,
                        "phenotype": 1,
                        "paternal": 0,
                        "maternal": 0,
                        "case_id": "justhusky"
                    },
                    "39e02db7f5cdce7a716cbd0de5352c63"
                ]
            ],
            [
                [
                    {
                        "id": "earlycasualcaiman",
                        "sample": "earlycasualcaiman",
                        "single_end": false,
                        "num_lanes": 1,
                        "read_group": "'@RG\\tID:earlycasualcaiman\\tPL:illumina\\tSM:earlycasualcaiman'",
                        "lane": 1,
                        "sex": 1,
                        "phenotype": 1,
                        "paternal": 0,
                        "maternal": 0,
                        "case_id": "justhusky"
                    },
                    "earlycasualcaiman_mt_subsample.bam.bai"
                ]
            ]
        ],
        "timestamp": "2026-05-20T00:16:23.836648543",
        "meta": {
            "nf-test": "0.9.5",
            "nextflow": "25.10.4"
        }
    },
    "SUBSAMPLE_MT_READS -stub": {
        "content": [
            {
                "0": [
                    [
                        {
                            "id": "earlycasualcaiman",
                            "sample": "earlycasualcaiman",
                            "single_end": false,
                            "num_lanes": 1,
                            "read_group": "'@RG\\tID:earlycasualcaiman\\tPL:illumina\\tSM:earlycasualcaiman'",
                            "lane": 1,
                            "sex": 1,
                            "phenotype": 1,
                            "paternal": 0,
                            "maternal": 0,
                            "case_id": "justhusky"
                        },
                        "earlycasualcaiman_mt_subsample.bam:md5,d41d8cd98f00b204e9800998ecf8427e"
                    ]
                ],
                "1": [
                    [
                        {
                            "id": "earlycasualcaiman",
                            "sample": "earlycasualcaiman",
                            "single_end": false,
                            "num_lanes": 1,
                            "read_group": "'@RG\\tID:earlycasualcaiman\\tPL:illumina\\tSM:earlycasualcaiman'",
                            "lane": 1,
                            "sex": 1,
                            "phenotype": 1,
                            "paternal": 0,
                            "maternal": 0,
                            "case_id": "justhusky"
                        },
                        "earlycasualcaiman_mt_subsample.bam.bai:md5,d41d8cd98f00b204e9800998ecf8427e"
                    ]
                ],
                "bai": [
                    [
                        {
                            "id": "earlycasualcaiman",
                            "sample": "earlycasualcaiman",
                            "single_end": false,
                            "num_lanes": 1,
                            "read_group": "'@RG\\tID:earlycasualcaiman\\tPL:illumina\\tSM:earlycasualcaiman'",
                            "lane": 1,
                            "sex": 1,
                            "phenotype": 1,
                            "paternal": 0,
                            "maternal": 0,
                            "case_id": "justhusky"
                        },
                        "earlycasualcaiman_mt_subsample.bam.bai:md5,d41d8cd98f00b204e9800998ecf8427e"
                    ]
                ],
                "bam": [
                    [
                        {
                            "id": "earlycasualcaiman",
                            "sample": "earlycasualcaiman",
                            "single_end": false,
                            "num_lanes": 1,
                            "read_group": "'@RG\\tID:earlycasualcaiman\\tPL:illumina\\tSM:earlycasualcaiman'",
                            "lane": 1,
                            "sex": 1,
                            "phenotype": 1,
                            "paternal": 0,
                            "maternal": 0,
                            "case_id": "justhusky"
                        },
                        "earlycasualcaiman_mt_subsample.bam:md5,d41d8cd98f00b204e9800998ecf8427e"
                    ]
                ]
            }
        ],
        "timestamp": "2026-05-20T00:16:46.901941587",
        "meta": {
            "nf-test": "0.9.5",
            "nextflow": "25.10.4"
        }
    }
}